Component: ARM Compiler 5.06 update 5 (build 528) Tool: armlink [4d35e2]

==============================================================================

Section Cross References

    startup_stm32f407xx.o(STACK) refers (Special) to heapauxi.o(.text) for __use_two_region_memory
    startup_stm32f407xx.o(HEAP) refers (Special) to heapauxi.o(.text) for __use_two_region_memory
    startup_stm32f407xx.o(RESET) refers (Special) to heapauxi.o(.text) for __use_two_region_memory
    startup_stm32f407xx.o(RESET) refers to startup_stm32f407xx.o(STACK) for __initial_sp
    startup_stm32f407xx.o(RESET) refers to startup_stm32f407xx.o(.text) for Reset_Handler
    startup_stm32f407xx.o(RESET) refers to system.o(i.SysTick_Handler) for SysTick_Handler
    startup_stm32f407xx.o(RESET) refers to exti.o(i.EXTI0_IRQHandler) for EXTI0_IRQHandler
    startup_stm32f407xx.o(RESET) refers to exti.o(i.EXTI1_IRQHandler) for EXTI1_IRQHandler
    startup_stm32f407xx.o(RESET) refers to exti.o(i.EXTI2_IRQHandler) for EXTI2_IRQHandler
    startup_stm32f407xx.o(RESET) refers to exti.o(i.EXTI3_IRQHandler) for EXTI3_IRQHandler
    startup_stm32f407xx.o(RESET) refers to exti.o(i.EXTI4_IRQHandler) for EXTI4_IRQHandler
    startup_stm32f407xx.o(RESET) refers to dma_stm32f4xx.o(i.DMA1_Stream0_IRQHandler) for DMA1_Stream0_IRQHandler
    startup_stm32f407xx.o(RESET) refers to dma_stm32f4xx.o(i.DMA1_Stream1_IRQHandler) for DMA1_Stream1_IRQHandler
    startup_stm32f407xx.o(RESET) refers to dma_stm32f4xx.o(i.DMA1_Stream2_IRQHandler) for DMA1_Stream2_IRQHandler
    startup_stm32f407xx.o(RESET) refers to dma_stm32f4xx.o(i.DMA1_Stream3_IRQHandler) for DMA1_Stream3_IRQHandler
    startup_stm32f407xx.o(RESET) refers to dma_stm32f4xx.o(i.DMA1_Stream4_IRQHandler) for DMA1_Stream4_IRQHandler
    startup_stm32f407xx.o(RESET) refers to dma_stm32f4xx.o(i.DMA1_Stream5_IRQHandler) for DMA1_Stream5_IRQHandler
    startup_stm32f407xx.o(RESET) refers to dma_stm32f4xx.o(i.DMA1_Stream6_IRQHandler) for DMA1_Stream6_IRQHandler
    startup_stm32f407xx.o(RESET) refers to exti.o(i.EXTI9_5_IRQHandler) for EXTI9_5_IRQHandler
    startup_stm32f407xx.o(RESET) refers to timer.o(i.TIM1_CC_IRQHandler) for TIM1_CC_IRQHandler
    startup_stm32f407xx.o(RESET) refers to timer.o(i.TIM2_IRQHandler) for TIM2_IRQHandler
    startup_stm32f407xx.o(RESET) refers to timer.o(i.TIM3_IRQHandler) for TIM3_IRQHandler
    startup_stm32f407xx.o(RESET) refers to timer.o(i.TIM4_IRQHandler) for TIM4_IRQHandler
    startup_stm32f407xx.o(RESET) refers to serial_uart_stm32f4xx.o(i.USART1_IRQHandler) for USART1_IRQHandler
    startup_stm32f407xx.o(RESET) refers to serial_uart_stm32f4xx.o(i.USART3_IRQHandler) for USART3_IRQHandler
    startup_stm32f407xx.o(RESET) refers to exti.o(i.EXTI15_10_IRQHandler) for EXTI15_10_IRQHandler
    startup_stm32f407xx.o(RESET) refers to dma_stm32f4xx.o(i.DMA1_Stream7_IRQHandler) for DMA1_Stream7_IRQHandler
    startup_stm32f407xx.o(RESET) refers to dma_stm32f4xx.o(i.DMA2_Stream0_IRQHandler) for DMA2_Stream0_IRQHandler
    startup_stm32f407xx.o(RESET) refers to dma_stm32f4xx.o(i.DMA2_Stream1_IRQHandler) for DMA2_Stream1_IRQHandler
    startup_stm32f407xx.o(RESET) refers to dma_stm32f4xx.o(i.DMA2_Stream2_IRQHandler) for DMA2_Stream2_IRQHandler
    startup_stm32f407xx.o(RESET) refers to dma_stm32f4xx.o(i.DMA2_Stream3_IRQHandler) for DMA2_Stream3_IRQHandler
    startup_stm32f407xx.o(RESET) refers to dma_stm32f4xx.o(i.DMA2_Stream4_IRQHandler) for DMA2_Stream4_IRQHandler
    startup_stm32f407xx.o(RESET) refers to dma_stm32f4xx.o(i.DMA2_Stream5_IRQHandler) for DMA2_Stream5_IRQHandler
    startup_stm32f407xx.o(RESET) refers to dma_stm32f4xx.o(i.DMA2_Stream6_IRQHandler) for DMA2_Stream6_IRQHandler
    startup_stm32f407xx.o(RESET) refers to dma_stm32f4xx.o(i.DMA2_Stream7_IRQHandler) for DMA2_Stream7_IRQHandler
    startup_stm32f407xx.o(.text) refers (Special) to heapauxi.o(.text) for __use_two_region_memory
    startup_stm32f407xx.o(.text) refers to system_stm32f4xx.o(i.SystemInit) for SystemInit
    startup_stm32f407xx.o(.text) refers to __main.o(!!!main) for __main
    startup_stm32f407xx.o(.text) refers to startup_stm32f407xx.o(HEAP) for Heap_Mem
    startup_stm32f407xx.o(.text) refers to startup_stm32f407xx.o(STACK) for Stack_Mem
    stm32f4xx_flash.o(i.FLASH_EraseAllBank1Sectors) refers to stm32f4xx_flash.o(i.FLASH_WaitForLastOperation) for FLASH_WaitForLastOperation
    stm32f4xx_flash.o(i.FLASH_EraseAllBank2Sectors) refers to stm32f4xx_flash.o(i.FLASH_WaitForLastOperation) for FLASH_WaitForLastOperation
    stm32f4xx_flash.o(i.FLASH_EraseAllSectors) refers to stm32f4xx_flash.o(i.FLASH_WaitForLastOperation) for FLASH_WaitForLastOperation
    stm32f4xx_flash.o(i.FLASH_EraseSector) refers to stm32f4xx_flash.o(i.FLASH_WaitForLastOperation) for FLASH_WaitForLastOperation
    stm32f4xx_flash.o(i.FLASH_OB_Launch) refers to stm32f4xx_flash.o(i.FLASH_WaitForLastOperation) for FLASH_WaitForLastOperation
[...]
    pwmWriteMotor                            0x08007311   Thumb Code     6  pwm_output.o(i.pwmWriteMotor)
    queueAdd                                 0x0800731d   Thumb Code    86  scheduler.o(i.queueAdd)
    queueClear                               0x0800737d   Thumb Code    20  scheduler.o(i.queueClear)
    queueContains                            0x08007399   Thumb Code    34  scheduler.o(i.queueContains)
    queueFirst                               0x080073c5   Thumb Code    12  scheduler.o(i.queueFirst)
    queueNext                                0x080073d9   Thumb Code    16  scheduler.o(i.queueNext)
    queueRemove                              0x080073f1   Thumb Code    54  scheduler.o(i.queueRemove)
    readBitfield                             0x08007431   Thumb Code    58  sdcard_standard.o(i.readBitfield)
    readEEPROM                               0x0800746d   Thumb Code    24  config_eeprom.o(i.readEEPROM)
    resetAllRxChannelRangeConfigurations     0x08007501   Thumb Code    24  rx.o(i.resetAllRxChannelRangeConfigurations)
    resetEEPROM                              0x08007519   Thumb Code    18  config.o(i.resetEEPROM)
    resetProfile                             0x080075f5   Thumb Code    92  config.o(i.resetProfile)
    resetRcControlsConfig                    0x08007651   Thumb Code    16  config.o(i.resetRcControlsConfig)
    rxGetRefreshRate                         0x08007661   Thumb Code     6  rx.o(i.rxGetRefreshRate)
    rxIsReceivingSignal                      0x0800766d   Thumb Code     6  rx.o(i.rxIsReceivingSignal)
    rxSerial3TestInit                        0x08007679   Thumb Code    40  rxserial3test.o(i.rxSerial3TestInit)
    rxSerial3TestWrite                       0x080076a5   Thumb Code    10  rxserial3test.o(i.rxSerial3TestWrite)
    rxUpdateCheck                            0x080076b5   Thumb Code    76  rx.o(i.rxUpdateCheck)
    scaleRange                               0x08007709   Thumb Code    24  maths.o(i.scaleRange)
    scheduler                                0x08007721   Thumb Code   364  scheduler.o(i.scheduler)
    schedulerInit                            0x08007891   Thumb Code    22  scheduler.o(i.schedulerInit)
    sdcard_beginWriteBlocks                  0x080078b1   Thumb Code    98  sdcard.o(i.sdcard_beginWriteBlocks)
    sdcard_isInserted                        0x08007a21   Thumb Code    16  sdcard.o(i.sdcard_isInserted)
    sdcard_poll                              0x08007a35   Thumb Code   698  sdcard.o(i.sdcard_poll)
    sdcard_readBlock                         0x08007cf9   Thumb Code    92  sdcard.o(i.sdcard_readBlock)
    sdcard_writeBlock                        0x08007f3d   Thumb Code   154  sdcard.o(i.sdcard_writeBlock)
    sensors                                  0x08007fe1   Thumb Code    16  runtime_config.o(i.sensors)
    serialInit                               0x08007ff5   Thumb Code    38  serial.o(i.serialInit)
    serialUART                               0x08008029   Thumb Code   264  serial_uart_stm32f4xx.o(i.serialUART)
    serialUART1                              0x08008139   Thumb Code    12  serial_uart_stm32f4xx.o(i.serialUART1)
    serialUART3                              0x08008145   Thumb Code    12  serial_uart_stm32f4xx.o(i.serialUART3)
    serialWrite                              0x08008151   Thumb Code     6  serial.o(i.serialWrite)
    setAccelerationFilter                    0x08008159   Thumb Code    58  acceleration.o(i.setAccelerationFilter)
    setAccelerationTrims                     0x0800819d   Thumb Code     6  acceleration.o(i.setAccelerationTrims)
    setProfile                               0x080081a9   Thumb Code    42  config.o(i.setProfile)
    setTaskEnabled                           0x080081dd   Thumb Code    44  scheduler.o(i.setTaskEnabled)
    sinApprox                                0x08008211   Thumb Code   134  maths.o(i.sinApprox)
    spiDeviceByInstance                      0x080082c5   Thumb Code    36  bus_spi.o(i.spiDeviceByInstance)
    spiInit                                  0x080082f5   Thumb Code    28  bus_spi.o(i.spiInit)
    spiInitDevice                            0x08008311   Thumb Code   258  bus_spi.o(i.spiInitDevice)
    spiIsBusBusy                             0x08008429   Thumb Code    32  bus_spi.o(i.spiIsBusBusy)
    spiSetDivisor                            0x08008449   Thumb Code   138  bus_spi.o(i.spiSetDivisor)
    spiTimeoutUserCallback                   0x080084d5   Thumb Code    32  bus_spi.o(i.spiTimeoutUserCallback)
    spiTransfer                              0x080084f9   Thumb Code   146  bus_spi.o(i.spiTransfer)
    spiTransferByte                          0x080085c1   Thumb Code    82  bus_spi.o(i.spiTransferByte)
    sqrtf                                    0x08008613   Thumb Code    62  sqrtf.o(i.sqrtf)
    startBlackbox                            0x08008651   Thumb Code    48  blackbox.o(i.startBlackbox)
    systemBeep                               0x08008689   Thumb Code    18  sound_beeper.o(i.systemBeep)
    systemInit                               0x080086a1   Thumb Code    70  main.o(i.systemInit)
    targetConfiguration                      0x080086f1   Thumb Code   314  config.o(i.targetConfiguration)
    taskIMUUpdateAttitude                    0x0800882d   Thumb Code    40  imu.o(i.taskIMUUpdateAttitude)
    taskMainPidLoop                          0x08008859   Thumb Code   124  fc_core.o(i.taskMainPidLoop)
    taskSystem                               0x08008929   Thumb Code    28  scheduler.o(i.taskSystem)
    timerChCCR                               0x080089eb   Thumb Code    10  timer.o(i.timerChCCR)
    timerGetByTag                            0x080089f5   Thumb Code    54  timer.o(i.timerGetByTag)
    timerInit                                0x08008a31   Thumb Code   120  timer.o(i.timerInit)
    timerOCInit                              0x08008ab5   Thumb Code    40  timer.o(i.timerOCInit)
    timerOCPreloadConfig                     0x08008add   Thumb Code    40  timer.o(i.timerOCPreloadConfig)
    timerRCC                                 0x08008b05   Thumb Code    30  timer.o(i.timerRCC)
    uartIrqHandler                           0x08008b29   Thumb Code   150  serial_uart_stm32f4xx.o(i.uartIrqHandler)
    uartOpen                                 0x08008bc1   Thumb Code   342  serial_uart.o(i.uartOpen)
    uartRead                                 0x08008d21   Thumb Code    44  serial_uart.o(i.uartRead)
    uartSetBaudRate                          0x08008dd9   Thumb Code     6  serial_uart.o(i.uartSetBaudRate)
    uartSetMode                              0x08008ddf   Thumb Code     6  serial_uart.o(i.uartSetMode)
    uartStartTxDMA                           0x08008de5   Thumb Code    74  serial_uart.o(i.uartStartTxDMA)
    uartTotalRxBytesWaiting                  0x08008e2f   Thumb Code    24  serial_uart.o(i.uartTotalRxBytesWaiting)
    uartTotalTxBytesFree                     0x08008e47   Thumb Code    38  serial_uart.o(i.uartTotalTxBytesFree)
    uartWrite                                0x08008e6d   Thumb Code    48  serial_uart.o(i.uartWrite)
    updateActivatedModes                     0x08008e9d   Thumb Code    58  rc_controls.o(i.updateActivatedModes)
    updateLEDs                               0x08008edd   Thumb Code    42  fc_core.o(i.updateLEDs)
    updateRcCommands                         0x08008f15   Thumb Code   272  fc_rc.o(i.updateRcCommands)
    useRcControlsConfig                      0x08009041   Thumb Code    22  rc_controls.o(i.useRcControlsConfig)
    validateAndFixConfig                     0x0800905d   Thumb Code    80  config.o(i.validateAndFixConfig)
    validateAndFixGyroConfig                 0x080090b1   Thumb Code   178  config.o(i.validateAndFixGyroConfig)
    validateBlackboxConfig                   0x08009179   Thumb Code    76  blackbox.o(i.validateBlackboxConfig)
    writeMotors                              0x080091c9   Thumb Code    44  mixer.o(i.writeMotors)
    _get_lc_ctype                            0x080091fd   Thumb Code    44  lc_ctype_c.o(locale$$code)
    _ffix_r                                  0x08009229   Thumb Code    14  ffix.o(x$fpl$ffixr)
    __fpl_fnaninf                            0x08009237   Thumb Code   140  fnaninf.o(x$fpl$fnaninf)
    _fp_init                                 0x080092c3   Thumb Code    10  fpinit.o(x$fpl$fpinit)
    __fplib_config_fpu_vfp                   0x080092cb   Thumb Code     0  fpinit.o(x$fpl$fpinit)
    __fplib_config_pureend_doubles           0x080092cb   Thumb Code     0  fpinit.o(x$fpl$fpinit)
    _frnd                                    0x080092cd   Thumb Code    96  frnd.o(x$fpl$frnd)
    __I$use$fp                               0x0800932c   Number         0  usenofp.o(x$fpl$usenofp)
    timerHardware                            0x0800932c   Data         168  target.o(.constdata)
    ioPortDefs                               0x080093f3   Data           6  io.o(.constdata)
    serialPortIdentifiers                    0x08009404   Data           3  serial.o(.constdata)
    uartVTable                               0x08009408   Data          40  serial_uart.o(.constdata)
    timerDefinitions                         0x08009430   Data         112  timer_stm32f4xx.o(.constdata)
    rcChannelLetters                         0x080094d8   Data          21  rx.o(.constdata)
    Region$$Table$$Base                      0x080096e4   Number         0  anon$$obj.o(Region$$Table)
    Region$$Table$$Limit                     0x08009704   Number         0  anon$$obj.o(Region$$Table)
    __ctype                                  0x08009711   Data           0  lc_ctype_c.o(locale$$data)
    systemState                              0x20000010   Data           1  main.o(.data)
    __stdout                                 0x20000014   Data           4  main.o(.data)
    SystemCoreClock                          0x20000018   Data           4  system_stm32f4xx.o(.data)
    AHBPrescTable                            0x2000001c   Data          16  system_stm32f4xx.o(.data)
    sysTickUptime                            0x20000030   Data           4  system.o(.data)
    pwmMotorsEnabled                         0x20000220   Data           1  pwm_output.o(.data)
    timerInfo                                0x20000b6c   Data           6  timer.o(.data)
    currentProfile                           0x20000b78   Data           4  config.o(.data)
    currentControlRateProfile                0x20000b7c   Data           4  config.o(.data)
    motorControlEnable                       0x20000b80   Data           1  fc_core.o(.data)
    isRXDataNew                              0x20000b90   Data           1  fc_core.o(.data)
    cfTasks                                  0x20000bb4   Data         624  fc_tasks.o(.data)
    Target_velocity                          0x20000e24   Data           4  fc_tasks.o(.data)
    PWMMotor1                                0x20000e28   Data           4  fc_tasks.o(.data)
    PWMMotor2                                0x20000e2c   Data           4  fc_tasks.o(.data)
    rcModeActivationMask                     0x20000e48   Data           4  rc_controls.o(.data)
    rcCommand                                0x20000e4c   Data           8  rc_controls.o(.data)
    armingFlags                              0x20000e54   Data           1  runtime_config.o(.data)
    flightModeFlags                          0x20000e58   Data           2  runtime_config.o(.data)
    stateFlags                               0x20000e60   Data           1  runtime_config.o(.data)
    currentMixerMode                         0x20000e65   Data           1  mixer.o(.data)
    motorOutputHigh                          0x20000e68   Data           2  mixer.o(.data)
    motorOutputLow                           0x20000e6a   Data           2  mixer.o(.data)
    rxConfig                                 0x20000e7c   Data           4  mixer.o(.data)
    targetPidLooptime                        0x20000e8c   Data           4  pid.o(.data)
    smallAngleCosZ                           0x20000ed8   Data           4  imu.o(.data)
    magneticDeclination                      0x20000eec   Data           4  imu.o(.data)
    accVelScale                              0x20000f00   Data           4  imu.o(.data)
    fc_acc                                   0x20000f04   Data           4  imu.o(.data)
    throttleAngleScale                       0x20000f08   Data           4  imu.o(.data)
    attitude                                 0x20000f10   Data           6  imu.o(.data)
    debug                                    0x20000f5c   Data           8  debug.o(.data)
    debugMode                                0x20000f64   Data           1  debug.o(.data)
    blackboxHeaderBudget                     0x20000f78   Data           4  blackbox_io.o(.data)
    averageSystemLoadPercentage              0x20000f7e   Data           2  scheduler.o(.data)
    checkFuncMaxExecutionTime                0x20000f94   Data           4  scheduler.o(.data)
    checkFuncTotalExecutionTime              0x20000f98   Data           4  scheduler.o(.data)
    checkFuncMovingSumExecutionTime          0x20000f9c   Data           4  scheduler.o(.data)
    clocks                                   0x20000fa0   Data          16  system.o(.bss)
    extiChannelRecs                          0x20000fb0   Data          64  exti.o(.bss)
    ioRecs                                   0x20000ff0   Data         640  io.o(.bss)
    timerConfig                              0x2000145c   Data         240  timer.o(.bss)
    timerChannelInfo                         0x2000154c   Data          14  timer.o(.bss)
    masterConfig                             0x2000155c   Data         924  config.o(.bss)
    motor                                    0x20002b28   Data          24  mixer.o(.bss)
    motor_disarmed                           0x20002b40   Data          24  mixer.o(.bss)
    axisPID_P                                0x20002cc4   Data          12  pid.o(.bss)
    axisPID_I                                0x20002cd0   Data          12  pid.o(.bss)
    axisPID_D                                0x20002cdc   Data          12  pid.o(.bss)
    acc                                      0x20002d54   Data          64  acceleration.o(.bss)
    gyro                                     0x20002f68   Data          88  gyro.o(.bss)
    mag                                      0x20003014   Data          28  compass.o(.bss)
    rxRuntimeConfig                          0x20003070   Data          12  rx.o(.bss)
    rcRaw                                    0x2000307c   Data          36  rx.o(.bss)
    rcData                                   0x200030a0   Data          36  rx.o(.bss)
    rcInvalidPulsPeriod                      0x200030c4   Data          72  rx.o(.bss)
    taskQueueArray                           0x2000325c   Data          52  scheduler.o(.bss)
    __libspace_start                         0x20003290   Data          96  libspace.o(.bss)
    __temporary_stack_top$libspace           0x200032f0   Data           0  libspace.o(.bss)



==============================================================================

Memory Map of the image

  Image Entry point : 0x08000189

  Load Region LR_IROM1 (Base: 0x08000000, Size: 0x0000a7b4, Max: 0x00100000, ABSOLUTE, COMPRESSED[0x00009970])

    Execution Region ER_IROM1 (Exec base: 0x08000000, Load base: 0x08000000, Size: 0x00009814, Max: 0x00100000, ABSOLUTE)

    Exec Addr    Load Addr    Size         Type   Attr      Idx    E Section Name        Object

    0x08000000   0x08000000   0x00000188   Data   RO            3    RESET               startup_stm32f407xx.o
    0x08000188   0x08000188   0x00000008   Code   RO         6733  * !!!main             c_w.l(__main.o)
    0x08000190   0x08000190   0x00000034   Code   RO         7058    !!!scatter          c_w.l(__scatter.o)
    0x080001c4   0x080001c4   0x0000005a   Code   RO         7056    !!dczerorl2         c_w.l(__dczerorl2.o)
    0x0800021e   0x0800021e   0x00000002   PAD
    0x08000220   0x08000220   0x0000001c   Code   RO         7060    !!handler_zi        c_w.l(__scatter_zi.o)
    0x0800023c   0x0800023c   0x00000000   Code   RO         6704    .ARM.Collect$$_printf_percent$$00000000  c_w.l(_printf_percent.o)
    0x0800023c   0x0800023c   0x00000006   Code   RO         6703    .ARM.Collect$$_printf_percent$$00000009  c_w.l(_printf_d.o)
    0x08000242   0x08000242   0x00000006   Code   RO         6702    .ARM.Collect$$_printf_percent$$00000014  c_w.l(_printf_s.o)
    0x08000248   0x08000248   0x00000004   Code   RO         6849    .ARM.Collect$$_printf_percent$$00000017  c_w.l(_printf_percent_end.o)
    0x0800024c   0x0800024c   0x00000002   Code   RO         6929    .ARM.Collect$$libinit$$00000000  c_w.l(libinit.o)
    0x0800024e   0x0800024e   0x00000004   Code   RO         6930    .ARM.Collect$$libinit$$00000001  c_w.l(libinit2.o)
    0x08000252   0x08000252   0x00000000   Code   RO         6933    .ARM.Collect$$libinit$$00000004  c_w.l(libinit2.o)
    0x08000252   0x08000252   0x00000000   Code   RO         6936    .ARM.Collect$$libinit$$0000000A  c_w.l(libinit2.o)
    0x08000252   0x08000252   0x00000000   Code   RO         6938    .ARM.Collect$$libinit$$0000000C  c_w.l(libinit2.o)
    0x08000252   0x08000252   0x00000000   Code   RO         6940    .ARM.Collect$$libinit$$0000000E  c_w.l(libinit2.o)
    0x08000252   0x08000252   0x00000006   Code   RO         6941    .ARM.Collect$$libinit$$0000000F  c_w.l(libinit2.o)
    0x08000258   0x08000258   0x00000000   Code   RO         6943    .ARM.Collect$$libinit$$00000011  c_w.l(libinit2.o)
    0x08000258   0x08000258   0x0000000c   Code   RO         6944    .ARM.Collect$$libinit$$00000012  c_w.l(libinit2.o)
    0x08000264   0x08000264   0x00000000   Code   RO         6945    .ARM.Collect$$libinit$$00000013  c_w.l(libinit2.o)
    0x08000264   0x08000264   0x00000000   Code   RO         6947    .ARM.Collect$$libinit$$00000015  c_w.l(libinit2.o)
    0x08000264   0x08000264   0x00000000   Code   RO         6949    .ARM.Collect$$libinit$$00000017  c_w.l(libinit2.o)
    0x08000264   0x08000264   0x00000000   Code   RO         6951    .ARM.Collect$$libinit$$00000019  c_w.l(libinit2.o)
    0x08000264   0x08000264   0x00000000   Code   RO         6953    .ARM.Collect$$libinit$$0000001B  c_w.l(libinit2.o)
    0x08000264   0x08000264   0x00000000   Code   RO         6955    .ARM.Collect$$libinit$$0000001D  c_w.l(libinit2.o)
    0x08000264   0x08000264   0x00000000   Code   RO         6957    .ARM.Collect$$libinit$$0000001F  c_w.l(libinit2.o)
    0x08000264   0x08000264   0x00000000   Code   RO         6959    .ARM.Collect$$libinit$$00000021  c_w.l(libinit2.o)
    0x08000264   0x08000264   0x00000000   Code   RO         6961    .ARM.Collect$$libinit$$00000023  c_w.l(libinit2.o)
    0x08000264   0x08000264   0x00000000   Code   RO         6963    .ARM.Collect$$libinit$$00000025  c_w.l(libinit2.o)
    0x08000264   0x08000264   0x00000000   Code   RO         6967    .ARM.Collect$$libinit$$0000002C  c_w.l(libinit2.o)
    0x08000264   0x08000264   0x00000000   Code   RO         6969    .ARM.Collect$$libinit$$0000002E  c_w.l(libinit2.o)
    0x08000264   0x08000264   0x00000000   Code   RO         6971    .ARM.Collect$$libinit$$00000030  c_w.l(libinit2.o)
    0x08000264   0x08000264   0x00000000   Code   RO         6973    .ARM.Collect$$libinit$$00000032  c_w.l(libinit2.o)
    0x08000264   0x08000264   0x00000002   Code   RO         6974    .ARM.Collect$$libinit$$00000033  c_w.l(libinit2.o)
    0x08000266   0x08000266   0x00000002   Code   RO         7004    .ARM.Collect$$libshutdown$$00000000  c_w.l(libshutdown.o)
    0x08000268   0x08000268   0x00000000   Code   RO         7015    .ARM.Collect$$libshutdown$$00000002  c_w.l(libshutdown2.o)
    0x08000268   0x08000268   0x00000000   Code   RO         7017    .ARM.Collect$$libshutdown$$00000004  c_w.l(libshutdown2.o)
    0x08000268   0x08000268   0x00000000   Code   RO         7020    .ARM.Collect$$libshutdown$$00000007  c_w.l(libshutdown2.o)
    0x08000268   0x08000268   0x00000000   Code   RO         7023    .ARM.Collect$$libshutdown$$0000000A  c_w.l(libshutdown2.o)
    0x08000268   0x08000268   0x00000000   Code   RO         7025    .ARM.Collect$$libshutdown$$0000000C  c_w.l(libshutdown2.o)
    0x08000268   0x08000268   0x00000000   Code   RO         7028    .ARM.Collect$$libshutdown$$0000000F  c_w.l(libshutdown2.o)
    0x08000268   0x08000268   0x00000002   Code   RO         7029    .ARM.Collect$$libshutdown$$00000010  c_w.l(libshutdown2.o)
    0x0800026a   0x0800026a   0x00000000   Code   RO         6831    .ARM.Collect$$rtentry$$00000000  c_w.l(__rtentry.o)
    0x0800026a   0x0800026a   0x00000000   Code   RO         6884    .ARM.Collect$$rtentry$$00000002  c_w.l(__rtentry2.o)
    0x0800026a   0x0800026a   0x00000006   Code   RO         6896    .ARM.Collect$$rtentry$$00000004  c_w.l(__rtentry4.o)
    0x08000270   0x08000270   0x00000000   Code   RO         6886    .ARM.Collect$$rtentry$$00000009  c_w.l(__rtentry2.o)
    0x08000270   0x08000270   0x00000004   Code   RO         6887    .ARM.Collect$$rtentry$$0000000A  c_w.l(__rtentry2.o)
    0x08000274   0x08000274   0x00000000   Code   RO         6889    .ARM.Collect$$rtentry$$0000000C  c_w.l(__rtentry2.o)
    0x08000274   0x08000274   0x00000008   Code   RO         6890    .ARM.Collect$$rtentry$$0000000D  c_w.l(__rtentry2.o)
    0x0800027c   0x0800027c   0x00000002   Code   RO         6975    .ARM.Collect$$rtexit$$00000000  c_w.l(rtexit.o)
    0x0800027e   0x0800027e   0x00000000   Code   RO         6982    .ARM.Collect$$rtexit$$00000002  c_w.l(rtexit2.o)
    0x0800027e   0x0800027e   0x00000004   Code   RO         6983    .ARM.Collect$$rtexit$$00000003  c_w.l(rtexit2.o)
    0x08000282   0x08000282   0x00000006   Code   RO         6984    .ARM.Collect$$rtexit$$00000004  c_w.l(rtexit2.o)
    0x08000288   0x08000288   0x00000040   Code   RO            4    .text               startup_stm32f407xx.o
    0x080002c8   0x080002c8   0x0000001e   Code   RO         6670    .text               c_w.l(toupper.o)
    0x080002e6   0x080002e6   0x00000002   PAD
    0x080002e8   0x080002e8   0x00000018   Code   RO         6674    .text               c_w.l(noretval__2printf.o)
    0x08000300   0x08000300   0x00000068   Code   RO         6676    .text               c_w.l(__printf.o)
    0x08000368   0x08000368   0x00000052   Code   RO         6678    .text               c_w.l(_printf_str.o)
    0x080003ba   0x080003ba   0x00000002   PAD
    0x080003bc   0x080003bc   0x00000078   Code   RO         6680    .text               c_w.l(_printf_dec.o)
    0x08000434   0x08000434   0x0000001a   Code   RO         6705    .text               c_w.l(atoi.o)
    0x0800044e   0x0800044e   0x00000014   Code   RO         6707    .text               c_w.l(strchr.o)
    0x08000462   0x08000462   0x0000003e   Code   RO         6711    .text               c_w.l(strlen.o)
    0x080004a0   0x080004a0   0x00000096   Code   RO         6713    .text               c_w.l(strncmp.o)
    0x08000536   0x08000536   0x0000008a   Code   RO         6715    .text               c_w.l(rt_memcpy_v6.o)
    0x080005c0   0x080005c0   0x00000064   Code   RO         6717    .text               c_w.l(rt_memcpy_w.o)
    0x08000624   0x08000624   0x0000007a   Code   RO         6719    .text               c_w.l(rt_memmove_w.o)
    0x0800069e   0x0800069e   0x00000010   Code   RO         6721    .text               c_w.l(aeabi_memset.o)
    0x080006ae   0x080006ae   0x00000044   Code   RO         6723    .text               c_w.l(rt_memclr.o)
    0x080006f2   0x080006f2   0x0000004e   Code   RO         6725    .text               c_w.l(rt_memclr_w.o)
    0x08000740   0x08000740   0x00000056   Code   RO         6727    .text               c_w.l(strncpy.o)
    0x08000796   0x08000796   0x00000002   PAD
    0x08000798   0x08000798   0x00000080   Code   RO         6729    .text               c_w.l(strcmpv7m.o)
    0x08000818   0x08000818   0x00000006   Code   RO         6731    .text               c_w.l(heapauxi.o)
    0x0800081e   0x0800081e   0x00000002   PAD
    0x08000820   0x08000820   0x00000010   Code   RO         6832    .text               c_w.l(rt_ctype_table.o)
    0x08000830   0x08000830   0x00000008   Code   RO         6837    .text               c_w.l(rt_errno_addr_intlibspace.o)
    0x08000838   0x08000838   0x00000016   Code   RO         6839    .text               c_w.l(_rserrno.o)
    0x0800084e   0x0800084e   0x000000b2   Code   RO         6843    .text               c_w.l(_printf_intcommon.o)
    0x08000900   0x08000900   0x0000002c   Code   RO         6845    .text               c_w.l(_printf_char.o)
    0x0800092c   0x0800092c   0x00000024   Code   RO         6847    .text               c_w.l(_printf_char_file.o)
    0x08000950   0x08000950   0x00000070   Code   RO         6850    .text               c_w.l(strtol.o)
    0x080009c0   0x080009c0   0x00000008   Code   RO         6880    .text               c_w.l(libspace.o)
    0x080009c8   0x080009c8   0x00000008   Code   RO         6901    .text               c_w.l(rt_locale_intlibspace.o)
    0x080009d0   0x080009d0   0x00000030   Code   RO         6903    .text               c_w.l(_printf_char_common.o)
    0x08000a00   0x08000a00   0x0000009e   Code   RO         6905    .text               c_w.l(_strtoul.o)
    0x08000a9e   0x08000a9e   0x00000008   Code   RO         6907    .text               c_w.l(ferror.o)
    0x08000aa6   0x08000aa6   0x0000004a   Code   RO         6916    .text               c_w.l(sys_stackheap_outer.o)
    0x08000af0   0x08000af0   0x0000001c   Code   RO         6920    .text               c_w.l(_chval.o)
    0x08000b0c   0x08000b0c   0x00000012   Code   RO         6922    .text               c_w.l(exit.o)
    0x08000b1e   0x08000b1e   0x00000002   PAD
    0x08000b20   0x08000b20   0x0000000c   Code   RO         6994    .text               c_w.l(sys_exit.o)
    0x08000b2c   0x08000b2c   0x00000002   Code   RO         7005    .text               c_w.l(use_no_semi.o)
    0x08000b2e   0x08000b2e   0x00000000   Code   RO         7007    .text               c_w.l(indicate_semi.o)
    0x08000b2e   0x08000b2e   0x00000002   PAD
    0x08000b30   0x08000b30   0x00000010   Code   RO         2890    i.DMA1_Stream0_IRQHandler  dma_stm32f4xx.o
    0x08000b40   0x08000b40   0x00000014   Code   RO         2891    i.DMA1_Stream1_IRQHandler  dma_stm32f4xx.o
    0x08000b54   0x08000b54   0x00000014   Code   RO         2892    i.DMA1_Stream2_IRQHandler  dma_stm32f4xx.o
    0x08000b68   0x08000b68   0x00000014   Code   RO         2893    i.DMA1_Stream3_IRQHandler  dma_stm32f4xx.o
    0x08000b7c   0x08000b7c   0x00000014   Code   RO         2894    i.DMA1_Stream4_IRQHandler  dma_stm32f4xx.o
    0x08000b90   0x08000b90   0x00000014   Code   RO         2895    i.DMA1_Stream5_IRQHandler  dma_stm32f4xx.o
    0x08000ba4   0x08000ba4   0x00000014   Code   RO         2896    i.DMA1_Stream6_IRQHandler  dma_stm32f4xx.o
    0x08000bb8   0x08000bb8   0x00000014   Code   RO         2897    i.DMA1_Stream7_IRQHandler  dma_stm32f4xx.o
    0x08000bcc   0x08000bcc   0x00000014   Code   RO         2898    i.DMA2_Stream0_IRQHandler  dma_stm32f4xx.o
    0x08000be0   0x08000be0   0x00000014   Code   RO         2899    i.DMA2_Stream1_IRQHandler  dma_stm32f4xx.o
    0x08000bf4   0x08000bf4   0x00000018   Code   RO         2900    i.DMA2_Stream2_IRQHandler  dma_stm32f4xx.o
    0x08000c0c   0x08000c0c   0x00000018   Code   RO         2901    i.DMA2_Stream3_IRQHandler  dma_stm32f4xx.o
    0x08000c24   0x08000c24   0x00000018   Code   RO         2902    i.DMA2_Stream4_IRQHandler  dma_stm32f4xx.o
    0x08000c3c   0x08000c3c   0x00000018   Code   RO         2903    i.DMA2_Stream5_IRQHandler  dma_stm32f4xx.o
    0x08000c54   0x08000c54   0x00000018   Code   RO         2904    i.DMA2_Stream6_IRQHandler  dma_stm32f4xx.o
    0x08000c6c   0x08000c6c   0x00000018   Code   RO         2905    i.DMA2_Stream7_IRQHandler  dma_stm32f4xx.o
    0x08000c84   0x08000c84   0x00000014   Code   RO          123    i.DMA_Cmd           stm32f4xx_dma.o
    0x08000c98   0x08000c98   0x00000124   Code   RO          124    i.DMA_DeInit        stm32f4xx_dma.o
    0x08000dbc   0x08000dbc   0x00000006   Code   RO          129    i.DMA_GetCurrDataCounter  stm32f4xx_dma.o
    0x08000dc2   0x08000dc2   0x0000002c   Code   RO          134    i.DMA_ITConfig      stm32f4xx_dma.o
    0x08000dee   0x08000dee   0x00000002   PAD
    0x08000df0   0x08000df0   0x00000054   Code   RO          135    i.DMA_Init          stm32f4xx_dma.o
    0x08000e44   0x08000e44   0x0000000a   Code   RO          136    i.DMA_MemoryTargetConfig  stm32f4xx_dma.o
    0x08000e4e   0x08000e4e   0x00000004   Code   RO          138    i.DMA_SetCurrDataCounter  stm32f4xx_dma.o
    0x08000e52   0x08000e52   0x00000022   Code   RO          139    i.DMA_StructInit    stm32f4xx_dma.o
    0x08000e74   0x08000e74   0x00000004   Code   RO         3028    i.EXTI0_IRQHandler  exti.o
    0x08000e78   0x08000e78   0x00000004   Code   RO         3029    i.EXTI15_10_IRQHandler  exti.o
    0x08000e7c   0x08000e7c   0x00000004   Code   RO         3030    i.EXTI1_IRQHandler  exti.o
    0x08000e80   0x08000e80   0x00000004   Code   RO         3031    i.EXTI2_IRQHandler  exti.o
    0x08000e84   0x08000e84   0x00000004   Code   RO         3032    i.EXTI3_IRQHandler  exti.o
    0x08000e88   0x08000e88   0x00000004   Code   RO         3033    i.EXTI4_IRQHandler  exti.o
    0x08000e8c   0x08000e8c   0x00000004   Code   RO         3034    i.EXTI9_5_IRQHandler  exti.o
    0x08000e90   0x08000e90   0x00000028   Code   RO         3038    i.EXTIInit          exti.o
    0x08000eb8   0x08000eb8   0x00000040   Code   RO         3040    i.EXTI_IRQHandler   exti.o
    0x08000ef8   0x08000ef8   0x00000094   Code   RO         2102    i.EnableGPIOClk     main.o
    0x08000f8c   0x08000f8c   0x000000a2   Code   RO          578    i.GPIO_Init         stm32f4xx_gpio.o
    0x0800102e   0x0800102e   0x00000020   Code   RO          579    i.GPIO_PinAFConfig  stm32f4xx_gpio.o
    0x0800104e   0x0800104e   0x00000012   Code   RO          587    i.GPIO_StructInit   stm32f4xx_gpio.o
    0x08001060   0x08001060   0x00000048   Code   RO         3216    i.IOConfigGPIO      io.o
    0x080010a8   0x080010a8   0x0000005c   Code   RO         3217    i.IOConfigGPIOAF    io.o
    0x08001104   0x08001104   0x0000006c   Code   RO         3218    i.IOGetByTag        io.o
    0x08001170   0x08001170   0x00000040   Code   RO         3219    i.IOGlobalInit      io.o
    0x080011b0   0x080011b0   0x0000000c   Code   RO         3220    i.IOHi              io.o
    0x080011bc   0x080011bc   0x00000006   Code   RO         3221    i.IOInit            io.o
    0x080011c2   0x080011c2   0x0000000e   Code   RO         3222    i.IOLo              io.o
    0x080011d0   0x080011d0   0x00000016   Code   RO         3223    i.IORead            io.o
    0x080011e6   0x080011e6   0x00000014   Code   RO         3225    i.IOToggle          io.o
    0x080011fa   0x080011fa   0x00000012   Code   RO         3226    i.IOWrite           io.o
    0x0800120c   0x0800120c   0x00000014   Code   RO         3231    i.IO_GPIOPinIdx     io.o
    0x08001220   0x08001220   0x00000018   Code   RO         3232    i.IO_GPIOPortIdx    io.o
    0x08001238   0x08001238   0x00000004   Code   RO         3233    i.IO_GPIO_PinSource  io.o
    0x0800123c   0x0800123c   0x00000048   Code   RO         4747    i.Incremental_PIController  fc_tasks.o
    0x08001284   0x08001284   0x00000088   Code   RO         3356    i.LedInit           led.o
    0x0800130c   0x0800130c   0x00000028   Code   RO         3357    i.LedSet            led.o
    0x08001334   0x08001334   0x00000010   Code   RO         3358    i.LedToggle         led.o
    0x08001344   0x08001344   0x00000018   Code   RO         4748    i.LimitMotorPwm     fc_tasks.o
    0x0800135c   0x0800135c   0x00000064   Code   RO           13    i.NVIC_Init         misc.o
    0x080013c0   0x080013c0   0x00000014   Code   RO           14    i.NVIC_PriorityGroupConfig  misc.o
    0x080013d4   0x080013d4   0x00000018   Code   RO          793    i.RCC_AHB1PeriphClockCmd  stm32f4xx_rcc.o
    0x080013ec   0x080013ec   0x00000018   Code   RO          795    i.RCC_AHB1PeriphResetCmd  stm32f4xx_rcc.o
    0x08001404   0x08001404   0x00000018   Code   RO          796    i.RCC_AHB2PeriphClockCmd  stm32f4xx_rcc.o
    0x0800141c   0x0800141c   0x00000018   Code   RO          802    i.RCC_APB1PeriphClockCmd  stm32f4xx_rcc.o
    0x08001434   0x08001434   0x00000018   Code   RO          804    i.RCC_APB1PeriphResetCmd  stm32f4xx_rcc.o
    0x0800144c   0x0800144c   0x00000018   Code   RO          805    i.RCC_APB2PeriphClockCmd  stm32f4xx_rcc.o
    0x08001464   0x08001464   0x00000018   Code   RO          807    i.RCC_APB2PeriphResetCmd  stm32f4xx_rcc.o
    0x0800147c   0x0800147c   0x00000010   Code   RO          810    i.RCC_ClearFlag     stm32f4xx_rcc.o
    0x0800148c   0x0800148c   0x00000024   Code   RO         3558    i.RCC_ClockCmd      rcc.o
    0x080014b0   0x080014b0   0x00000090   Code   RO          814    i.RCC_GetClocksFreq  stm32f4xx_rcc.o
    0x08001540   0x08001540   0x00000024   Code   RO         3559    i.RCC_ResetCmd      rcc.o
    0x08001564   0x08001564   0x00000034   Code   RO         4749    i.Read_Encoder      fc_tasks.o
    0x08001598   0x08001598   0x0000000c   Code   RO         4385    i.ResetBeeperConfig  config.o
    0x080015a4   0x080015a4   0x00000040   Code   RO         4386    i.ResetDCBrushedMotorConfig  config.o
    0x080015e4   0x080015e4   0x00000020   Code   RO         4387    i.ResetLedStatusConfig  config.o
    0x08001604   0x08001604   0x0000004c   Code   RO         4390    i.ResetMotorConfig  config.o
    0x08001650   0x08001650   0x00000028   Code   RO         4391    i.ResetPwmEncoderConfig  config.o
    0x08001678   0x08001678   0x00000008   Code   RO         5822    i.ResetRollAndPitchTrims  acceleration.o
    0x08001680   0x08001680   0x0000003c   Code   RO         4392    i.ResetSerialConfig  config.o
    0x080016bc   0x080016bc   0x0000004c   Code   RO         4393    i.ResetSerialPinConfig  config.o
    0x08001708   0x08001708   0x00000014   Code   RO         1137    i.SPI_Cmd           stm32f4xx_spi.o
    0x0800171c   0x0800171c   0x00000084   Code   RO         1144    i.SPI_I2S_DeInit    stm32f4xx_spi.o
    0x080017a0   0x080017a0   0x0000000e   Code   RO         1145    i.SPI_I2S_GetFlagStatus  stm32f4xx_spi.o
    0x080017ae   0x080017ae   0x00000004   Code   RO         1148    i.SPI_I2S_ReceiveData  stm32f4xx_spi.o
    0x080017b2   0x080017b2   0x00000004   Code   RO         1149    i.SPI_I2S_SendData  stm32f4xx_spi.o
    0x080017b6   0x080017b6   0x00000038   Code   RO         1150    i.SPI_Init          stm32f4xx_spi.o
    0x080017ee   0x080017ee   0x00000002   PAD
    0x080017f0   0x080017f0   0x000000b4   Code   RO         2397    i.SetSysClock       system_stm32f4xx.o
    0x080018a4   0x080018a4   0x00000024   Code   RO         2468    i.SysTick_Handler   system.o
    0x080018c8   0x080018c8   0x00000024   Code   RO         2469    i.SysTick_Init      system.o
    0x080018ec   0x080018ec   0x0000005c   Code   RO         2399    i.SystemInit        system_stm32f4xx.o
    0x08001948   0x08001948   0x0000002e   Code   RO         1359    i.TI1_Config        stm32f4xx_tim.o
    0x08001976   0x08001976   0x00000036   Code   RO         1360    i.TI2_Config        stm32f4xx_tim.o
    0x080019ac   0x080019ac   0x00000010   Code   RO         4183    i.TIM1_CC_IRQHandler  timer.o
    0x080019bc   0x080019bc   0x00000010   Code   RO         4184    i.TIM2_IRQHandler   timer.o
    0x080019cc   0x080019cc   0x00000010   Code   RO         4185    i.TIM3_IRQHandler   timer.o
    0x080019dc   0x080019dc   0x00000010   Code   RO         4186    i.TIM4_IRQHandler   timer.o
    0x080019ec   0x080019ec   0x00000014   Code   RO         1373    i.TIM_Cmd           stm32f4xx_tim.o
    0x08001a00   0x08001a00   0x00000016   Code   RO         1375    i.TIM_CtrlPWMOutputs  stm32f4xx_tim.o
    0x08001a16   0x08001a16   0x000000ac   Code   RO         1396    i.TIM_ICInit        stm32f4xx_tim.o
    0x08001ac2   0x08001ac2   0x00000010   Code   RO         1397    i.TIM_ICStructInit  stm32f4xx_tim.o
    0x08001ad2   0x08001ad2   0x00000002   PAD
    0x08001ad4   0x08001ad4   0x00000060   Code   RO         1402    i.TIM_OC1Init       stm32f4xx_tim.o
    0x08001b34   0x08001b34   0x0000000c   Code   RO         1405    i.TIM_OC1PreloadConfig  stm32f4xx_tim.o
    0x08001b40   0x08001b40   0x00000080   Code   RO         1407    i.TIM_OC2Init       stm32f4xx_tim.o
    0x08001bc0   0x08001bc0   0x00000014   Code   RO         1410    i.TIM_OC2PreloadConfig  stm32f4xx_tim.o
    0x08001bd4   0x08001bd4   0x0000007c   Code   RO         1412    i.TIM_OC3Init       stm32f4xx_tim.o
    0x08001c50   0x08001c50   0x0000000c   Code   RO         1415    i.TIM_OC3PreloadConfig  stm32f4xx_tim.o
    0x08001c5c   0x08001c5c   0x00000060   Code   RO         1417    i.TIM_OC4Init       stm32f4xx_tim.o
    0x08001cbc   0x08001cbc   0x00000014   Code   RO         1419    i.TIM_OC4PreloadConfig  stm32f4xx_tim.o
    0x08001cd0   0x08001cd0   0x00000014   Code   RO         1420    i.TIM_OCStructInit  stm32f4xx_tim.o
    0x08001ce4   0x08001ce4   0x00000010   Code   RO         1432    i.TIM_SelectSlaveMode  stm32f4xx_tim.o
    0x08001cf4   0x08001cf4   0x00000010   Code   RO         1440    i.TIM_SetIC1Prescaler  stm32f4xx_tim.o
    0x08001d04   0x08001d04   0x00000018   Code   RO         1441    i.TIM_SetIC2Prescaler  stm32f4xx_tim.o
    0x08001d1c   0x08001d1c   0x00000010   Code   RO         1442    i.TIM_SetIC3Prescaler  stm32f4xx_tim.o
    0x08001d2c   0x08001d2c   0x00000018   Code   RO         1443    i.TIM_SetIC4Prescaler  stm32f4xx_tim.o
    0x08001d44   0x08001d44   0x0000007c   Code   RO         1445    i.TIM_TimeBaseInit  stm32f4xx_tim.o
    0x08001dc0   0x08001dc0   0x00000012   Code   RO         1446    i.TIM_TimeBaseStructInit  stm32f4xx_tim.o
    0x08001dd2   0x08001dd2   0x00000002   PAD
    0x08001dd4   0x08001dd4   0x00000010   Code   RO         4080    i.USART1_IRQHandler  serial_uart_stm32f4xx.o
    0x08001de4   0x08001de4   0x00000010   Code   RO         4081    i.USART3_IRQHandler  serial_uart_stm32f4xx.o
    0x08001df4   0x08001df4   0x0000000c   Code   RO         1911    i.USART_ClearITPendingBit  stm32f4xx_usart.o
    0x08001e00   0x08001e00   0x00000014   Code   RO         1914    i.USART_Cmd         stm32f4xx_usart.o
    0x08001e14   0x08001e14   0x00000010   Code   RO         1915    i.USART_DMACmd      stm32f4xx_usart.o
    0x08001e24   0x08001e24   0x0000003e   Code   RO         1918    i.USART_GetITStatus  stm32f4xx_usart.o
    0x08001e62   0x08001e62   0x00000014   Code   RO         1919    i.USART_HalfDuplexCmd  stm32f4xx_usart.o
    0x08001e76   0x08001e76   0x00000030   Code   RO         1920    i.USART_ITConfig    stm32f4xx_usart.o
    0x08001ea6   0x08001ea6   0x00000002   PAD
    0x08001ea8   0x08001ea8   0x000000ac   Code   RO         1921    i.USART_Init        stm32f4xx_usart.o
    0x08001f54   0x08001f54   0x00000008   Code   RO         1931    i.USART_SendData    stm32f4xx_usart.o
    0x08001f5c   0x08001f5c   0x000000e4   Code   RO         4750    i.UpdateMotorPwm    fc_tasks.o
    0x08002040   0x08002040   0x00000026   Code   RO         6861    i.__ARM_fpclassifyf  m_wm.l(fpclassifyf.o)
    0x08002066   0x08002066   0x00000002   PAD
    0x08002068   0x08002068   0x00000118   Code   RO         6735    i.__hardfp_acosf    m_wm.l(acosf.o)
    0x08002180   0x08002180   0x00000250   Code   RO         6747    i.__hardfp_atan2f   m_wm.l(atan2f.o)
    0x080023d0   0x080023d0   0x00000150   Code   RO         6759    i.__hardfp_cosf     m_wm.l(cosf.o)
    0x08002520   0x08002520   0x00000164   Code   RO         6771    i.__hardfp_log2f    m_wm.l(log2f.o)
    0x08002684   0x08002684   0x00000048   Code   RO         6823    i.__hardfp_lrintf   m_wm.l(lrintf.o)
    0x080026cc   0x080026cc   0x00000664   Code   RO         6785    i.__hardfp_powf     m_wm.l(powf.o)
    0x08002d30   0x08002d30   0x00000190   Code   RO         6799    i.__hardfp_sinf     m_wm.l(sinf.o)
    0x08002ec0   0x08002ec0   0x0000003a   Code   RO         6811    i.__hardfp_sqrtf    m_wm.l(sqrtf.o)
    0x08002efa   0x08002efa   0x00000002   PAD
    0x08002efc   0x08002efc   0x00000014   Code   RO         6863    i.__mathlib_flt_divzero  m_wm.l(funder.o)
    0x08002f10   0x08002f10   0x00000006   Code   RO         6864    i.__mathlib_flt_infnan  m_wm.l(funder.o)
    0x08002f16   0x08002f16   0x00000006   Code   RO         6865    i.__mathlib_flt_infnan2  m_wm.l(funder.o)
    0x08002f1c   0x08002f1c   0x00000010   Code   RO         6866    i.__mathlib_flt_invalid  m_wm.l(funder.o)
    0x08002f2c   0x08002f2c   0x00000010   Code   RO         6867    i.__mathlib_flt_overflow  m_wm.l(funder.o)
    0x08002f3c   0x08002f3c   0x00000010   Code   RO         6869    i.__mathlib_flt_underflow  m_wm.l(funder.o)
    0x08002f4c   0x08002f4c   0x00000154   Code   RO         6877    i.__mathlib_rredf2  m_wm.l(rredf.o)
    0x080030a0   0x080030a0   0x000000a8   Code   RO         5825    i.accUpdate         acceleration.o
    0x08003148   0x08003148   0x00000058   Code   RO         5519    i.accelerationLimit  pid.o
    0x080031a0   0x080031a0   0x00000054   Code   RO         4394    i.activateConfig    config.o
    0x080031f4   0x080031f4   0x00000050   Code   RO         5038    i.afatfs_FATGetNextCluster  asyncfatfs.o
    0x08003244   0x08003244   0x00000018   Code   RO         5039    i.afatfs_FATIsEndOfChainMarker  asyncfatfs.o
    0x0800325c   0x0800325c   0x00000040   Code   RO         5040    i.afatfs_FATSetNextCluster  asyncfatfs.o
    0x0800329c   0x0800329c   0x000000e8   Code   RO         5041    i.afatfs_allocateCacheSector  asyncfatfs.o
    0x08003384   0x08003384   0x0000008c   Code   RO         5042    i.afatfs_allocateDirectoryEntry  asyncfatfs.o
    0x08003410   0x08003410   0x00000034   Code   RO         5043    i.afatfs_allocateFileHandle  asyncfatfs.o
    0x08003444   0x08003444   0x000000d4   Code   RO         5044    i.afatfs_appendRegularFreeClusterContinue  asyncfatfs.o
    0x08003518   0x08003518   0x00000014   Code   RO         5045    i.afatfs_appendRegularFreeClusterInitOperationState  asyncfatfs.o
    0x0800352c   0x0800352c   0x0000006c   Code   RO         5046    i.afatfs_assert     asyncfatfs.o
    0x08003598   0x08003598   0x00000010   Code   RO         5047    i.afatfs_byteIndexInCluster  asyncfatfs.o
    0x080035a8   0x080035a8   0x0000005c   Code   RO         5048    i.afatfs_cacheFlushSector  asyncfatfs.o
    0x08003604   0x08003604   0x000000dc   Code   RO         5049    i.afatfs_cacheSector  asyncfatfs.o
    0x080036e0   0x080036e0   0x00000020   Code   RO         5050    i.afatfs_cacheSectorMarkDirty  asyncfatfs.o
    0x08003700   0x08003700   0x00000070   Code   RO         5051    i.afatfs_chdir      asyncfatfs.o
    0x08003770   0x08003770   0x00000010   Code   RO         5052    i.afatfs_clusterSize  asyncfatfs.o
    0x08003780   0x08003780   0x00000088   Code   RO         5053    i.afatfs_createFile  asyncfatfs.o
    0x08003808   0x08003808   0x00000190   Code   RO         5054    i.afatfs_createFileContinue  asyncfatfs.o
    0x08003998   0x08003998   0x0000011c   Code   RO         5055    i.afatfs_extendSubdirectoryContinue  asyncfatfs.o
    0x08003ab4   0x08003ab4   0x00000018   Code   RO         5056    i.afatfs_fatSectorToPhysical  asyncfatfs.o
    0x08003acc   0x08003acc   0x00000032   Code   RO         5057    i.afatfs_fclose     asyncfatfs.o
    0x08003afe   0x08003afe   0x00000002   PAD
    0x08003b00   0x08003b00   0x00000090   Code   RO         5058    i.afatfs_fcloseContinue  asyncfatfs.o
    0x08003b90   0x08003b90   0x00000038   Code   RO         5059    i.afatfs_fileGetCursorPhysicalSector  asyncfatfs.o
    0x08003bc8   0x08003bc8   0x00000006   Code   RO         5060    i.afatfs_fileGetNextCluster  asyncfatfs.o
    0x08003bce   0x08003bce   0x0000000c   Code   RO         5061    i.afatfs_fileIsBusy  asyncfatfs.o
    0x08003bda   0x08003bda   0x00000002   PAD
    0x08003bdc   0x08003bdc   0x000000c4   Code   RO         5062    i.afatfs_fileLockCursorSectorForWrite  asyncfatfs.o
    0x08003ca0   0x08003ca0   0x000000b4   Code   RO         5063    i.afatfs_fileOperationContinue  asyncfatfs.o
    0x08003d54   0x08003d54   0x00000078   Code   RO         5064    i.afatfs_fileRetainCursorSectorForRead  asyncfatfs.o
    0x08003dcc   0x08003dcc   0x00000054   Code   RO         5065    i.afatfs_fileUnlockCacheSector  asyncfatfs.o
    0x08003e20   0x08003e20   0x0000000e   Code   RO         5066    i.afatfs_fileUpdateFilesize  asyncfatfs.o
    0x08003e2e   0x08003e2e   0x00000002   PAD
    0x08003e30   0x08003e30   0x000000e4   Code   RO         5067    i.afatfs_findClusterWithCondition  asyncfatfs.o
    0x08003f14   0x08003f14   0x00000014   Code   RO         5068    i.afatfs_findFirst  asyncfatfs.o
    0x08003f28   0x08003f28   0x00000004   Code   RO         5069    i.afatfs_findLast   asyncfatfs.o
    0x08003f2c   0x08003f2c   0x00000054   Code   RO         5070    i.afatfs_findNext   asyncfatfs.o
    0x08003f80   0x08003f80   0x00000058   Code   RO         5071    i.afatfs_flush      asyncfatfs.o
    0x08003fd8   0x08003fd8   0x00000052   Code   RO         5072    i.afatfs_fopen      asyncfatfs.o
    0x0800402a   0x0800402a   0x00000002   PAD
    0x0800402c   0x0800402c   0x0000003c   Code   RO         5073    i.afatfs_fputc      asyncfatfs.o
    0x08004068   0x08004068   0x00000090   Code   RO         5075    i.afatfs_fseek      asyncfatfs.o
    0x080040f8   0x080040f8   0x00000078   Code   RO         5076    i.afatfs_fseekAtomic  asyncfatfs.o
    0x08004170   0x08004170   0x0000003a   Code   RO         5077    i.afatfs_fseekInternal  asyncfatfs.o
    0x080041aa   0x080041aa   0x0000007c   Code   RO         5078    i.afatfs_fseekInternalContinue  asyncfatfs.o
    0x08004226   0x08004226   0x0000003a   Code   RO         5079    i.afatfs_ftruncate  asyncfatfs.o
    0x08004260   0x08004260   0x000000b4   Code   RO         5080    i.afatfs_ftruncateContinue  asyncfatfs.o
    0x08004314   0x08004314   0x00000064   Code   RO         5081    i.afatfs_fwrite     asyncfatfs.o
    0x08004378   0x08004378   0x00000030   Code   RO         5082    i.afatfs_getCacheDescriptorIndexForBuffer  asyncfatfs.o
    0x080043a8   0x080043a8   0x00000040   Code   RO         5083    i.afatfs_getFATPositionForCluster  asyncfatfs.o
    0x080043e8   0x080043e8   0x0000000c   Code   RO         5084    i.afatfs_getFilesystemState  asyncfatfs.o
    0x080043f4   0x080043f4   0x00000030   Code   RO         5085    i.afatfs_getFreeBufferSpace  asyncfatfs.o
    0x08004424   0x08004424   0x000000b0   Code   RO         5087    i.afatfs_initContinue  asyncfatfs.o
    0x080044d4   0x080044d4   0x00000014   Code   RO         5088    i.afatfs_initFileHandle  asyncfatfs.o
    0x080044e8   0x080044e8   0x00000030   Code   RO         5089    i.afatfs_isEndOfAllocatedFile  asyncfatfs.o
    0x08004518   0x08004518   0x0000000c   Code   RO         5090    i.afatfs_isFull     asyncfatfs.o
    0x08004524   0x08004524   0x00000026   Code   RO         5091    i.afatfs_mkdir      asyncfatfs.o
    0x0800454a   0x0800454a   0x00000002   PAD
    0x0800454c   0x0800454c   0x000000e4   Code   RO         5092    i.afatfs_parseVolumeID  asyncfatfs.o
    0x08004630   0x08004630   0x0000004c   Code   RO         5093    i.afatfs_poll       asyncfatfs.o
    0x0800467c   0x0800467c   0x0000006e   Code   RO         5094    i.afatfs_saveDirectoryEntry  asyncfatfs.o
    0x080046ea   0x080046ea   0x00000002   PAD
    0x080046ec   0x080046ec   0x00000060   Code   RO         5095    i.afatfs_sdcardReadComplete  asyncfatfs.o
    0x0800474c   0x0800474c   0x0000006c   Code   RO         5096    i.afatfs_sdcardWriteComplete  asyncfatfs.o
    0x080047b8   0x080047b8   0x0000000a   Code   RO         5097    i.afatfs_sectorIndexInCluster  asyncfatfs.o
    0x080047c2   0x080047c2   0x00000002   PAD
    0x080047c4   0x080047c4   0x0000009c   Code   RO         6028    i.alignBoard        boardalignment.o
    0x08004860   0x08004860   0x0000006c   Code   RO         6029    i.alignSensors      boardalignment.o
    0x080048cc   0x080048cc   0x00000040   Code   RO         4142    i.beeperInit        sound_beeper.o
    0x0800490c   0x0800490c   0x00000042   Code   RO         6072    i.biquadFilterApply  filter.o
    0x0800494e   0x0800494e   0x00000002   PAD
    0x08004950   0x08004950   0x000000f0   Code   RO         6073    i.biquadFilterInit  filter.o
    0x08004a40   0x08004a40   0x00000034   Code   RO         6074    i.biquadFilterInitLPF  filter.o
    0x08004a74   0x08004a74   0x00000084   Code   RO         6482    i.blackboxCreateLogFile  blackbox_io.o
    0x08004af8   0x08004af8   0x00000018   Code   RO         6483    i.blackboxDeviceBeginLog  blackbox_io.o
    0x08004b10   0x08004b10   0x0000003c   Code   RO         6485    i.blackboxDeviceOpen  blackbox_io.o
    0x08004b4c   0x08004b4c   0x0000001c   Code   RO         6486    i.blackboxLogDirCreated  blackbox_io.o
    0x08004b68   0x08004b68   0x0000005c   Code   RO         6487    i.blackboxLogFileCreated  blackbox_io.o
    0x08004bc4   0x08004bc4   0x0000002c   Code   RO         6488    i.blackboxPrint     blackbox_io.o
    0x08004bf0   0x08004bf0   0x00000044   Code   RO         6490    i.blackboxReplenishHeaderBudget  blackbox_io.o
    0x08004c34   0x08004c34   0x000000d4   Code   RO         6491    i.blackboxSDCardBeginLog  blackbox_io.o
    0x08004d08   0x08004d08   0x00000050   Code   RO         6417    i.blackboxSetState  blackbox.o
    0x08004d58   0x08004d58   0x00000010   Code   RO         6492    i.blackboxStopLogging  blackbox_io.o
    0x08004d68   0x08004d68   0x00000024   Code   RO         6493    i.blackboxWrite     blackbox_io.o
    0x08004d8c   0x08004d8c   0x00000018   Code   RO         5605    i.calculateAccZLowPassFilterRCTimeConstant  imu.o
    0x08004da4   0x08004da4   0x00000060   Code   RO         6254    i.calculateNonDataDrivenChannel  rx.o
    0x08004e04   0x08004e04   0x00000034   Code   RO         6255    i.calculateRxChannelsAndUpdateFailsafe  rx.o
    0x08004e38   0x08004e38   0x00000144   Code   RO         4657    i.calculateSetpointRate  fc_rc.o
    0x08004f7c   0x08004f7c   0x00000024   Code   RO         5606    i.calculateThrottleAngleScale  imu.o
    0x08004fa0   0x08004fa0   0x00000018   Code   RO         4824    i.calculateThrottleStatus  rc_controls.o
    0x08004fb8   0x08004fb8   0x00000004   Code   RO         4399    i.checkEEPROMContainsValidData  config.o
    0x08004fbc   0x08004fbc   0x00000074   Code   RO         4658    i.checkForThrottleErrorResetState  fc_rc.o
    0x08005030   0x08005030   0x0000002c   Code   RO         4187    i.configTimeBase4Encoder  timer.o
    0x0800505c   0x0800505c   0x00000010   Code   RO         4400    i.constrain         config.o
    0x0800506c   0x0800506c   0x00000010   Code   RO         4659    i.constrain         fc_rc.o
    0x0800507c   0x0800507c   0x00000020   Code   RO         4660    i.constrainf        fc_rc.o
    0x0800509c   0x0800509c   0x00000020   Code   RO         5424    i.constrainf        mixer.o
    0x080050bc   0x080050bc   0x00000010   Code   RO         6135    i.cosApprox         maths.o
    0x080050cc   0x080050cc   0x00000278   Code   RO         4401    i.createDefaultConfig  config.o
    0x08005344   0x08005344   0x00000128   Code   RO         3425    i.dcBrushedMotorInit  pwm_output.o
    0x0800546c   0x0800546c   0x00000018   Code   RO         6136    i.degreesToRadians  maths.o
    0x08005484   0x08005484   0x00000016   Code   RO         2470    i.delay             system.o
    0x0800549a   0x0800549a   0x00000002   PAD
    0x0800549c   0x0800549c   0x00000018   Code   RO         2471    i.delayMicroseconds  system.o
    0x080054b4   0x080054b4   0x00000110   Code   RO         6256    i.detectAndApplySignalLossBehaviour  rx.o
    0x080055c4   0x080055c4   0x00000006   Code   RO         6137    i.devClear          maths.o
    0x080055ca   0x080055ca   0x00000002   PAD
    0x080055cc   0x080055cc   0x00000058   Code   RO         6138    i.devPush           maths.o
    0x08005624   0x08005624   0x0000000e   Code   RO         6139    i.devStandardDeviation  maths.o
    0x08005632   0x08005632   0x00000002   PAD
    0x08005634   0x08005634   0x00000024   Code   RO         6140    i.devVariance       maths.o
    0x08005658   0x08005658   0x00000010   Code   RO         4900    i.disableFlightMode  runtime_config.o
    0x08005668   0x08005668   0x00000010   Code   RO         4901    i.enableFlightMode  runtime_config.o
    0x08005678   0x08005678   0x00000010   Code   RO         5370    i.fat16_isEndOfChainMarker  fat_standard.o
    0x08005688   0x08005688   0x00000006   Code   RO         5371    i.fat32_decodeClusterNumber  fat_standard.o
    0x0800568e   0x0800568e   0x00000002   PAD
    0x08005690   0x08005690   0x00000014   Code   RO         5372    i.fat32_isEndOfChainMarker  fat_standard.o
    0x080056a4   0x080056a4   0x00000050   Code   RO         5373    i.fat_convertFilenameToFATStyle  fat_standard.o
    0x080056f4   0x080056f4   0x0000000e   Code   RO         5374    i.fat_isDirectoryEntryEmpty  fat_standard.o
    0x08005702   0x08005702   0x0000000c   Code   RO         5375    i.fat_isDirectoryEntryTerminator  fat_standard.o
    0x0800570e   0x0800570e   0x0000000a   Code   RO         5376    i.fat_isFreeSpace   fat_standard.o
    0x08005718   0x08005718   0x00000012   Code   RO         4751    i.fcTasksInit       fc_tasks.o
    0x0800572a   0x0800572a   0x00000002   PAD
    0x0800572c   0x0800572c   0x00000014   Code   RO         5741    i.feature           feature.o
    0x08005740   0x08005740   0x00000010   Code   RO         5742    i.featureClear      feature.o
    0x08005750   0x08005750   0x00000014   Code   RO         5744    i.featureConfigured  feature.o
    0x08005764   0x08005764   0x00000010   Code   RO         5746    i.featureSet        feature.o
    0x08005774   0x08005774   0x00000058   Code   RO         6075    i.filterGetNotchQ   filter.o
    0x080057cc   0x080057cc   0x00000028   Code   RO         3911    i.findNextSerialPortConfig  serial.o
    0x080057f4   0x080057f4   0x00000010   Code   RO         3912    i.findSerialPortConfig  serial.o
    0x08005804   0x08005804   0x0000001c   Code   RO         3913    i.findSerialPortIndexByIdentifier  serial.o
    0x08005820   0x08005820   0x00000028   Code   RO         3914    i.findSerialPortUsageByIdentifier  serial.o
    0x08005848   0x08005848   0x00000002   Code   RO         6418    i.finishBlackbox    blackbox.o
    0x0800584a   0x0800584a   0x0000000e   Code   RO         2103    i.fputc             main.o
    0x08005858   0x08005858   0x00000012   Code   RO         6419    i.gcd               blackbox.o
    0x0800586a   0x0800586a   0x00000002   PAD
    0x0800586c   0x0800586c   0x0000007c   Code   RO         4661    i.generateThrottleCurve  fc_rc.o
    0x080058e8   0x080058e8   0x0000000c   Code   RO         5426    i.getMotorMixRange  mixer.o
    0x080058f4   0x080058f4   0x00000010   Code   RO         4663    i.getRcDeflectionAbs  fc_rc.o
    0x08005904   0x08005904   0x0000002c   Code   RO         6257    i.getRxChannelCount  rx.o
    0x08005930   0x08005930   0x00000010   Code   RO         4664    i.getSetpointRate   fc_rc.o
    0x08005940   0x08005940   0x0000002c   Code   RO         6576    i.getTaskDeltaTime  scheduler.o
    0x0800596c   0x0800596c   0x0000000c   Code   RO         4665    i.getThrottlePIDAttenuation  fc_rc.o
    0x08005978   0x08005978   0x0000001c   Code   RO         4595    i.getUpdatedPIDCountDown  fc_core.o
    0x08005994   0x08005994   0x00000024   Code   RO         5907    i.gyroCalculateCalibratingCycles  gyro.o
    0x080059b8   0x080059b8   0x00000010   Code   RO         5910    i.gyroSetCalibrationCycles  gyro.o
    0x080059c8   0x080059c8   0x00000114   Code   RO         5911    i.gyroUpdate        gyro.o
    0x08005adc   0x08005adc   0x000000c4   Code   RO         6420    i.handleBlackbox    blackbox.o
    0x08005ba0   0x08005ba0   0x000000d8   Code   RO         5607    i.imuCalculateEstimatedAttitude  imu.o
    0x08005c78   0x08005c78   0x000000bc   Code   RO         5608    i.imuComputeRotationMatrix  imu.o
    0x08005d34   0x08005d34   0x0000005c   Code   RO         5609    i.imuConfigure      imu.o
    0x08005d90   0x08005d90   0x00000050   Code   RO         5610    i.imuInit           imu.o
    0x08005de0   0x08005de0   0x000002b4   Code   RO         5611    i.imuMahonyAHRSUpdate  imu.o
    0x08006094   0x08006094   0x000000ac   Code   RO         5612    i.imuUpdateEulerAngles  imu.o
    0x08006140   0x08006140   0x00000002   Code   RO         5685    i.initEEPROM        config_eeprom.o
    0x08006142   0x08006142   0x00000006   Code   RO         5748    i.intFeatureClearAll  feature.o
    0x08006148   0x08006148   0x00000008   Code   RO         5749    i.intFeatureSet     feature.o
    0x08006150   0x08006150   0x00000014   Code   RO         5613    i.invSqrt           imu.o
    0x08006164   0x08006164   0x00000014   Code   RO         5826    i.isAccelerationCalibrationComplete  acceleration.o
    0x08006178   0x08006178   0x00000020   Code   RO         4825    i.isAirModeActive   rc_controls.o
    0x08006198   0x08006198   0x00000020   Code   RO         4826    i.isAntiGravityModeActive  rc_controls.o
    0x080061b8   0x080061b8   0x00000014   Code   RO         5912    i.isGyroCalibrationComplete  gyro.o
    0x080061cc   0x080061cc   0x00000026   Code   RO         4827    i.isModeActivationConditionPresent  rc_controls.o
    0x080061f2   0x080061f2   0x00000002   PAD
    0x080061f4   0x080061f4   0x00000010   Code   RO         5913    i.isOnFinalGyroCalibrationCycle  gyro.o
    0x08006204   0x08006204   0x00000058   Code   RO         4828    i.isRangeActive     rc_controls.o
    0x0800625c   0x0800625c   0x0000001a   Code   RO         3994    i.isUartTransmitBufferEmpty  serial_uart.o
    0x08006276   0x08006276   0x00000002   PAD
    0x08006278   0x08006278   0x0000000c   Code   RO         4829    i.isUsingSticksForArming  rc_controls.o
    0x08006284   0x08006284   0x00000014   Code   RO         5750    i.latchActiveFeatures  feature.o
    0x08006298   0x08006298   0x00000100   Code   RO         2104    i.main              main.o
    0x08006398   0x08006398   0x00000054   Code   RO         2472    i.micros            system.o
    0x080063ec   0x080063ec   0x0000004c   Code   RO         2473    i.microsISR         system.o
    0x08006438   0x08006438   0x0000000c   Code   RO         2474    i.millis            system.o
    0x08006444   0x08006444   0x00000270   Code   RO         5429    i.mixTable          mixer.o
    0x080066b4   0x080066b4   0x0000000c   Code   RO         5433    i.mixerUseConfigs   mixer.o
    0x080066c0   0x080066c0   0x00000078   Code   RO         4596    i.mwArm             fc_core.o
    0x08006738   0x08006738   0x00000034   Code   RO         4597    i.mwDisarm          fc_core.o
    0x0800676c   0x0800676c   0x00000002   Code   RO         6076    i.nullFilterApply   filter.o
    0x0800676e   0x0800676e   0x00000002   PAD
    0x08006770   0x08006770   0x00000058   Code   RO         3916    i.openSerialPort    serial.o
    0x080067c8   0x080067c8   0x00000038   Code   RO         6260    i.parseRcChannels   rx.o
    0x08006800   0x08006800   0x00000088   Code   RO         5827    i.performAccelerationCalibration  acceleration.o
    0x08006888   0x08006888   0x000000d4   Code   RO         5914    i.performGyroCalibration  gyro.o
    0x0800695c   0x0800695c   0x000001cc   Code   RO         5520    i.pidController     pid.o
    0x08006b28   0x08006b28   0x0000014c   Code   RO         5521    i.pidInitConfig     pid.o
    0x08006c74   0x08006c74   0x00000148   Code   RO         5522    i.pidInitFilters    pid.o
    0x08006dbc   0x08006dbc   0x00000020   Code   RO         5523    i.pidResetErrorGyroState  pid.o
    0x08006ddc   0x08006ddc   0x0000000c   Code   RO         5524    i.pidSetItermAccelerator  pid.o
    0x08006de8   0x08006de8   0x00000024   Code   RO         5525    i.pidSetTargetLooptime  pid.o
    0x08006e0c   0x08006e0c   0x00000010   Code   RO         5526    i.pidStabilisationState  pid.o
    0x08006e1c   0x08006e1c   0x00000174   Code   RO         4666    i.processRcCommand  fc_rc.o
    0x08006f90   0x08006f90   0x000000c0   Code   RO         4830    i.processRcStickPositions  rc_controls.o
    0x08007050   0x08007050   0x0000012c   Code   RO         4598    i.processRx         fc_core.o
    0x0800717c   0x0800717c   0x00000016   Code   RO         6077    i.pt1FilterApply    filter.o
    0x08007192   0x08007192   0x00000002   PAD
    0x08007194   0x08007194   0x00000034   Code   RO         6079    i.pt1FilterInit     filter.o
    0x080071c8   0x080071c8   0x0000000c   Code   RO         3428    i.pwmAreMotorsEnabled  pwm_output.o
    0x080071d4   0x080071d4   0x0000000c   Code   RO         3429    i.pwmCompleteMotorUpdate  pwm_output.o
    0x080071e0   0x080071e0   0x0000004c   Code   RO         3590    i.pwmEncoderICConfig  rx_pwm.o
    0x0800722c   0x0800722c   0x0000006c   Code   RO         3591    i.pwmEncoderInit    rx_pwm.o
    0x08007298   0x08007298   0x00000064   Code   RO         3432    i.pwmOCConfig       pwm_output.o
    0x080072fc   0x080072fc   0x00000014   Code   RO         3434    i.pwmWriteDcBrushedMotor  pwm_output.o
    0x08007310   0x08007310   0x0000000c   Code   RO         3436    i.pwmWriteMotor     pwm_output.o
    0x0800731c   0x0800731c   0x00000060   Code   RO         6577    i.queueAdd          scheduler.o
    0x0800737c   0x0800737c   0x0000001c   Code   RO         6578    i.queueClear        scheduler.o
    0x08007398   0x08007398   0x0000002c   Code   RO         6579    i.queueContains     scheduler.o
    0x080073c4   0x080073c4   0x00000014   Code   RO         6580    i.queueFirst        scheduler.o
    0x080073d8   0x080073d8   0x00000018   Code   RO         6581    i.queueNext         scheduler.o
    0x080073f0   0x080073f0   0x00000040   Code   RO         6582    i.queueRemove       scheduler.o
    0x08007430   0x08007430   0x0000003a   Code   RO         3896    i.readBitfield      sdcard_standard.o
    0x0800746a   0x0800746a   0x00000002   PAD
    0x0800746c   0x0800746c   0x0000001c   Code   RO         5687    i.readEEPROM        config_eeprom.o
    0x08007488   0x08007488   0x00000078   Code   RO         6261    i.readRxChannelsApplyRanges  rx.o
    0x08007500   0x08007500   0x00000018   Code   RO         6262    i.resetAllRxChannelRangeConfigurations  rx.o
    0x08007518   0x08007518   0x00000018   Code   RO         4404    i.resetEEPROM       config.o
    0x08007530   0x08007530   0x000000c4   Code   RO         4405    i.resetPidProfile   config.o
    0x080075f4   0x080075f4   0x0000005c   Code   RO         4406    i.resetProfile      config.o
    0x08007650   0x08007650   0x00000010   Code   RO         4407    i.resetRcControlsConfig  config.o
    0x08007660   0x08007660   0x0000000c   Code   RO         6263    i.rxGetRefreshRate  rx.o
    0x0800766c   0x0800766c   0x0000000c   Code   RO         6265    i.rxIsReceivingSignal  rx.o
    0x08007678   0x08007678   0x0000002c   Code   RO         3696    i.rxSerial3TestInit  rxserial3test.o
    0x080076a4   0x080076a4   0x00000010   Code   RO         3698    i.rxSerial3TestWrite  rxserial3test.o
    0x080076b4   0x080076b4   0x00000054   Code   RO         6266    i.rxUpdateCheck     rx.o
    0x08007708   0x08007708   0x00000018   Code   RO         6142    i.scaleRange        maths.o
    0x08007720   0x08007720   0x00000170   Code   RO         6584    i.scheduler         scheduler.o
    0x08007890   0x08007890   0x00000020   Code   RO         6585    i.schedulerInit     scheduler.o
    0x080078b0   0x080078b0   0x00000068   Code   RO         3773    i.sdcard_beginWriteBlocks  sdcard.o
    0x08007918   0x08007918   0x00000024   Code   RO         3774    i.sdcard_deselect   sdcard.o
    0x0800793c   0x0800793c   0x00000048   Code   RO         3775    i.sdcard_endWriteBlocks  sdcard.o
    0x08007984   0x08007984   0x0000009c   Code   RO         3776    i.sdcard_fetchCSD   sdcard.o
    0x08007a20   0x08007a20   0x00000014   Code   RO         3778    i.sdcard_isInserted  sdcard.o
    0x08007a34   0x08007a34   0x000002c4   Code   RO         3779    i.sdcard_poll       sdcard.o
    0x08007cf8   0x08007cf8   0x00000060   Code   RO         3780    i.sdcard_readBlock  sdcard.o
    0x08007d58   0x08007d58   0x00000088   Code   RO         3781    i.sdcard_receiveCID  sdcard.o
    0x08007de0   0x08007de0   0x00000044   Code   RO         3782    i.sdcard_receiveDataBlock  sdcard.o
    0x08007e24   0x08007e24   0x00000048   Code   RO         3783    i.sdcard_reset      sdcard.o
    0x08007e6c   0x08007e6c   0x0000000c   Code   RO         3784    i.sdcard_select     sdcard.o
    0x08007e78   0x08007e78   0x0000001a   Code   RO         3785    i.sdcard_sendAppCommand  sdcard.o
    0x08007e92   0x08007e92   0x00000002   PAD
    0x08007e94   0x08007e94   0x0000005c   Code   RO         3786    i.sdcard_sendCommand  sdcard.o
    0x08007ef0   0x08007ef0   0x00000028   Code   RO         3787    i.sdcard_waitForIdle  sdcard.o
    0x08007f18   0x08007f18   0x00000024   Code   RO         3788    i.sdcard_waitForNonIdleByte  sdcard.o
    0x08007f3c   0x08007f3c   0x000000a4   Code   RO         3789    i.sdcard_writeBlock  sdcard.o
    0x08007fe0   0x08007fe0   0x00000014   Code   RO         4904    i.sensors           runtime_config.o
    0x08007ff4   0x08007ff4   0x00000034   Code   RO         3917    i.serialInit        serial.o
    0x08008028   0x08008028   0x00000110   Code   RO         4082    i.serialUART        serial_uart_stm32f4xx.o
    0x08008138   0x08008138   0x0000000c   Code   RO         4083    i.serialUART1       serial_uart_stm32f4xx.o
    0x08008144   0x08008144   0x0000000c   Code   RO         4084    i.serialUART3       serial_uart_stm32f4xx.o
    0x08008150   0x08008150   0x00000006   Code   RO         3919    i.serialWrite       serial.o
    0x08008156   0x08008156   0x00000002   PAD
    0x08008158   0x08008158   0x00000044   Code   RO         5828    i.setAccelerationFilter  acceleration.o
    0x0800819c   0x0800819c   0x0000000c   Code   RO         5829    i.setAccelerationTrims  acceleration.o
    0x080081a8   0x080081a8   0x00000034   Code   RO         4411    i.setProfile        config.o
    0x080081dc   0x080081dc   0x00000034   Code   RO         6586    i.setTaskEnabled    scheduler.o
    0x08008210   0x08008210   0x000000b4   Code   RO         6143    i.sinApprox         maths.o
    0x080082c4   0x080082c4   0x00000030   Code   RO         2751    i.spiDeviceByInstance  bus_spi.o
    0x080082f4   0x080082f4   0x0000001c   Code   RO         2753    i.spiInit           bus_spi.o
    0x08008310   0x08008310   0x00000118   Code   RO         2754    i.spiInitDevice     bus_spi.o
    0x08008428   0x08008428   0x00000020   Code   RO         2755    i.spiIsBusBusy      bus_spi.o
    0x08008448   0x08008448   0x0000008a   Code   RO         2757    i.spiSetDivisor     bus_spi.o
    0x080084d2   0x080084d2   0x00000002   PAD
    0x080084d4   0x080084d4   0x00000024   Code   RO         2758    i.spiTimeoutUserCallback  bus_spi.o
    0x080084f8   0x080084f8   0x000000c8   Code   RO         2759    i.spiTransfer       bus_spi.o
    0x080085c0   0x080085c0   0x00000052   Code   RO         2760    i.spiTransferByte   bus_spi.o
    0x08008612   0x08008612   0x0000003e   Code   RO         6813    i.sqrtf             m_wm.l(sqrtf.o)
    0x08008650   0x08008650   0x00000038   Code   RO         6422    i.startBlackbox     blackbox.o
    0x08008688   0x08008688   0x00000018   Code   RO         4143    i.systemBeep        sound_beeper.o
    0x080086a0   0x080086a0   0x00000050   Code   RO         2106    i.systemInit        main.o
    0x080086f0   0x080086f0   0x0000013a   Code   RO         4412    i.targetConfiguration  config.o
    0x0800882a   0x0800882a   0x00000002   PAD
    0x0800882c   0x0800882c   0x0000002c   Code   RO         5614    i.taskIMUUpdateAttitude  imu.o
    0x08008858   0x08008858   0x00000090   Code   RO         4599    i.taskMainPidLoop   fc_core.o
    0x080088e8   0x080088e8   0x00000040   Code   RO         4752    i.taskMotorEncoder  fc_tasks.o
    0x08008928   0x08008928   0x00000020   Code   RO         6587    i.taskSystem        scheduler.o
    0x08008948   0x08008948   0x0000000c   Code   RO         4753    i.taskUpdateAccelerometer  fc_tasks.o
    0x08008954   0x08008954   0x0000001c   Code   RO         4754    i.taskUpdateRxMain  fc_tasks.o
    0x08008970   0x08008970   0x0000007a   Code   RO         4193    i.timCCxHandler     timer.o
    0x080089ea   0x080089ea   0x0000000a   Code   RO         4195    i.timerChCCR        timer.o
    0x080089f4   0x080089f4   0x0000003c   Code   RO         4201    i.timerGetByTag     timer.o
    0x08008a30   0x08008a30   0x00000084   Code   RO         4202    i.timerInit         timer.o
    0x08008ab4   0x08008ab4   0x00000028   Code   RO         4205    i.timerOCInit       timer.o
    0x08008adc   0x08008adc   0x00000028   Code   RO         4206    i.timerOCPreloadConfig  timer.o
    0x08008b04   0x08008b04   0x00000024   Code   RO         4207    i.timerRCC          timer.o
    0x08008b28   0x08008b28   0x00000096   Code   RO         4085    i.uartIrqHandler    serial_uart_stm32f4xx.o
    0x08008bbe   0x08008bbe   0x00000002   PAD
    0x08008bc0   0x08008bc0   0x00000160   Code   RO         3995    i.uartOpen          serial_uart.o
    0x08008d20   0x08008d20   0x0000002c   Code   RO         3996    i.uartRead          serial_uart.o
    0x08008d4c   0x08008d4c   0x0000008c   Code   RO         3997    i.uartReconfigure   serial_uart.o
    0x08008dd8   0x08008dd8   0x00000006   Code   RO         3998    i.uartSetBaudRate   serial_uart.o
    0x08008dde   0x08008dde   0x00000006   Code   RO         3999    i.uartSetMode       serial_uart.o
    0x08008de4   0x08008de4   0x0000004a   Code   RO         4000    i.uartStartTxDMA    serial_uart.o
    0x08008e2e   0x08008e2e   0x00000018   Code   RO         4001    i.uartTotalRxBytesWaiting  serial_uart.o
    0x08008e46   0x08008e46   0x00000026   Code   RO         4002    i.uartTotalTxBytesFree  serial_uart.o
    0x08008e6c   0x08008e6c   0x00000030   Code   RO         4003    i.uartWrite         serial_uart.o
    0x08008e9c   0x08008e9c   0x00000040   Code   RO         4831    i.updateActivatedModes  rc_controls.o
    0x08008edc   0x08008edc   0x00000038   Code   RO         4600    i.updateLEDs        fc_core.o
    0x08008f14   0x08008f14   0x0000012c   Code   RO         4667    i.updateRcCommands  fc_rc.o
    0x08009040   0x08009040   0x0000001c   Code   RO         4832    i.useRcControlsConfig  rc_controls.o
    0x0800905c   0x0800905c   0x00000054   Code   RO         4413    i.validateAndFixConfig  config.o
    0x080090b0   0x080090b0   0x000000c8   Code   RO         4414    i.validateAndFixGyroConfig  config.o
    0x08009178   0x08009178   0x00000050   Code   RO         6423    i.validateBlackboxConfig  blackbox.o
    0x080091c8   0x080091c8   0x00000034   Code   RO         5434    i.writeMotors       mixer.o
    0x080091fc   0x080091fc   0x0000002c   Code   RO         6912    locale$$code        c_w.l(lc_ctype_c.o)
    0x08009228   0x08009228   0x0000000e   Code   RO         6853    x$fpl$ffixr         fz_wm.l(ffix.o)
    0x08009236   0x08009236   0x0000008c   Code   RO         6914    x$fpl$fnaninf       fz_wm.l(fnaninf.o)
    0x080092c2   0x080092c2   0x0000000a   Code   RO         6979    x$fpl$fpinit        fz_wm.l(fpinit.o)
    0x080092cc   0x080092cc   0x00000060   Code   RO         6856    x$fpl$frnd          fz_wm.l(frnd.o)
    0x0800932c   0x0800932c   0x00000000   Code   RO         6860    x$fpl$usenofp       fz_wm.l(usenofp.o)
    0x0800932c   0x0800932c   0x000000a8   Data   RO         2440    .constdata          target.o
    0x080093d4   0x080093d4   0x0000001a   Data   RO         2761    .constdata          bus_spi.o
    0x080093ee   0x080093ee   0x00000016   Data   RO         3237    .constdata          io.o
    0x08009404   0x08009404   0x00000003   Data   RO         3921    .constdata          serial.o
    0x08009407   0x08009407   0x00000001   PAD
    0x08009408   0x08009408   0x00000028   Data   RO         4004    .constdata          serial_uart.o
    0x08009430   0x08009430   0x00000070   Data   RO         4355    .constdata          timer_stm32f4xx.o
    0x080094a0   0x080094a0   0x00000038   Data   RO         5099    .constdata          asyncfatfs.o
    0x080094d8   0x080094d8   0x00000015   Data   RO         6269    .constdata          rx.o
    0x080094ed   0x080094ed   0x00000017   Data   RO         6495    .constdata          blackbox_io.o
    0x08009504   0x08009504   0x00000040   Data   RO         6774    .constdata          m_wm.l(log2f.o)
    0x08009544   0x08009544   0x00000140   Data   RO         6788    .constdata          m_wm.l(powf.o)
    0x08009684   0x08009684   0x00000020   Data   RO         6878    .constdata          m_wm.l(rredf.o)
    0x080096a4   0x080096a4   0x0000003f   Data   RO         4755    .conststring        fc_tasks.o
    0x080096e3   0x080096e3   0x00000001   PAD
    0x080096e4   0x080096e4   0x00000020   Data   RO         7054    Region$$Table       anon$$obj.o
    0x08009704   0x08009704   0x00000110   Data   RO         6911    locale$$data        c_w.l(lc_ctype_c.o)


    Execution Region RW_IRAM1 (Exec base: 0x20000000, Load base: 0x08009814, Size: 0x000038f0, Max: 0x00020000, ABSOLUTE, COMPRESSED[0x0000015c])

    Exec Addr    Load Addr    Size         Type   Attr      Idx    E Section Name        Object

    0x20000000   COMPRESSED   0x00000010   Data   RW          846    .data               stm32f4xx_rcc.o
    0x20000010   COMPRESSED   0x00000001   Data   RW         2107    .data               main.o
    0x20000011   COMPRESSED   0x00000003   PAD
    0x20000014   COMPRESSED   0x00000004   Data   RW         2108    .data               main.o
    0x20000018   COMPRESSED   0x00000014   Data   RW         2401    .data               system_stm32f4xx.o
    0x2000002c   COMPRESSED   0x0000000c   Data   RW         2476    .data               system.o
    0x20000038   COMPRESSED   0x00000020   Data   RW         2762    .data               bus_spi.o
    0x20000058   COMPRESSED   0x000001c0   Data   RW         2908    .data               dma_stm32f4xx.o
    0x20000218   COMPRESSED   0x00000007   Data   RW         3043    .data               exti.o
    0x2000021f   COMPRESSED   0x00000001   Data   RW         3364    .data               led.o
    0x20000220   COMPRESSED   0x0000001c   Data   RW         3440    .data               pwm_output.o
    0x2000023c   COMPRESSED   0x00000001   Data   RW         3597    .data               rx_pwm.o
    0x2000023d   COMPRESSED   0x00000003   PAD
    0x20000240   COMPRESSED   0x00000004   Data   RW         3699    .data               rxserial3test.o
    0x20000244   COMPRESSED   0x00000008   Data   RW         3791    .data               sdcard.o
    0x2000024c   COMPRESSED   0x00000008   Data   RW         3923    .data               serial.o
    0x20000254   COMPRESSED   0x0000047c   Data   RW         4086    .data               serial_uart_stm32f4xx.o
    0x200006d0   COMPRESSED   0x0000047c   Data   RW         4087    .data               serial_uart_stm32f4xx.o
    0x20000b4c   COMPRESSED   0x00000018   Data   RW         4088    .data               serial_uart_stm32f4xx.o
    0x20000b64   COMPRESSED   0x00000008   Data   RW         4145    .data               sound_beeper.o
    0x20000b6c   COMPRESSED   0x00000006   Data   RW         4209    .data               timer.o
    0x20000b72   COMPRESSED   0x00000002   PAD
    0x20000b74   COMPRESSED   0x0000000c   Data   RW         4416    .data               config.o
    0x20000b80   COMPRESSED   0x00000010   Data   RW         4601    .data               fc_core.o
    0x20000b90   COMPRESSED   0x00000001   Data   RW         4602    .data               fc_core.o
    0x20000b91   COMPRESSED   0x00000003   PAD
    0x20000b94   COMPRESSED   0x00000020   Data   RW         4669    .data               fc_rc.o
    0x20000bb4   COMPRESSED   0x00000270   Data   RW         4756    .data               fc_tasks.o
    0x20000e24   COMPRESSED   0x00000018   Data   RW         4757    .data               fc_tasks.o
    0x20000e3c   COMPRESSED   0x00000010   Data   RW         4833    .data               rc_controls.o
    0x20000e4c   COMPRESSED   0x00000008   Data   RW         4834    .data               rc_controls.o
    0x20000e54   COMPRESSED   0x00000001   Data   RW         4906    .data               runtime_config.o
    0x20000e55   COMPRESSED   0x00000003   PAD
    0x20000e58   COMPRESSED   0x00000008   Data   RW         4907    .data               runtime_config.o
    0x20000e60   COMPRESSED   0x00000001   Data   RW         4908    .data               runtime_config.o
    0x20000e61   COMPRESSED   0x00000003   PAD
    0x20000e64   COMPRESSED   0x00000020   Data   RW         5437    .data               mixer.o
    0x20000e84   COMPRESSED   0x00000054   Data   RW         5528    .data               pid.o
    0x20000ed8   COMPRESSED   0x0000003e   Data   RW         5616    .data               imu.o
    0x20000f16   COMPRESSED   0x00000002   PAD
    0x20000f18   COMPRESSED   0x00000004   Data   RW         5751    .data               feature.o
    0x20000f1c   COMPRESSED   0x00000008   Data   RW         5831    .data               acceleration.o
    0x20000f24   COMPRESSED   0x00000014   Data   RW         5917    .data               gyro.o
    0x20000f38   COMPRESSED   0x00000001   Data   RW         6032    .data               boardalignment.o
    0x20000f39   COMPRESSED   0x00000003   PAD
    0x20000f3c   COMPRESSED   0x00000020   Data   RW         6271    .data               rx.o
    0x20000f5c   COMPRESSED   0x00000008   Data   RW         6401    .data               debug.o
    0x20000f64   COMPRESSED   0x00000001   Data   RW         6402    .data               debug.o
    0x20000f65   COMPRESSED   0x00000003   PAD
    0x20000f68   COMPRESSED   0x0000000c   Data   RW         6425    .data               blackbox.o
    0x20000f74   COMPRESSED   0x00000008   Data   RW         6496    .data               blackbox_io.o
    0x20000f7c   COMPRESSED   0x00000024   Data   RW         6589    .data               scheduler.o
    0x20000fa0        -       0x00000010   Zero   RW         2475    .bss                system.o
    0x20000fb0        -       0x00000040   Zero   RW         3041    .bss                exti.o
    0x20000ff0        -       0x00000280   Zero   RW         3236    .bss                io.o
    0x20001270        -       0x00000010   Zero   RW         3363    .bss                led.o
    0x20001280        -       0x00000168   Zero   RW         3439    .bss                pwm_output.o
    0x200013e8        -       0x00000050   Zero   RW         3790    .bss                sdcard.o
    0x20001438        -       0x00000024   Zero   RW         3920    .bss                serial.o
    0x2000145c        -       0x000000fe   Zero   RW         4208    .bss                timer.o
    0x2000155a   COMPRESSED   0x00000002   PAD
    0x2000155c        -       0x0000039c   Zero   RW         4415    .bss                config.o
    0x200018f8        -       0x00000064   Zero   RW         4668    .bss                fc_rc.o
    0x2000195c        -       0x000011cc   Zero   RW         5098    .bss                asyncfatfs.o
    0x20002b28        -       0x000000f0   Zero   RW         5435    .bss                mixer.o
    0x20002c18        -       0x00000100   Zero   RW         5527    .bss                pid.o
    0x20002d18        -       0x00000030   Zero   RW         5615    .bss                imu.o
    0x20002d48        -       0x000000a0   Zero   RW         5830    .bss                acceleration.o
    0x20002de8        -       0x00000208   Zero   RW         5915    .bss                gyro.o
    0x20002ff0        -       0x00000024   Zero   RW         6031    .bss                boardalignment.o
    0x20003014        -       0x0000001c   Zero   RW         6057    .bss                compass.o
    0x20003030        -       0x000000dc   Zero   RW         6268    .bss                rx.o
    0x2000310c        -       0x00000138   Zero   RW         6424    .bss                blackbox.o
    0x20003244        -       0x00000018   Zero   RW         6494    .bss                blackbox_io.o
    0x2000325c        -       0x00000034   Zero   RW         6588    .bss                scheduler.o
    0x20003290        -       0x00000060   Zero   RW         6881    .bss                c_w.l(libspace.o)
    0x200032f0        -       0x00000200   Zero   RW            2    HEAP                startup_stm32f407xx.o
    0x200034f0        -       0x00000400   Zero   RW            1    STACK               startup_stm32f407xx.o


==============================================================================

Image component sizes


      Code (inc. data)   RO Data    RW Data    ZI Data      Debug   Object Name

       412         42          0          8        160       7402   acceleration.o
         0          0          0          0          0       2988   accgyro_mpu.o
         0          0          0          0          0       1656   accgyro_spi_mpu9250.o
      5570        350         56          0       4556      57736   asyncfatfs.o
       432         94          0         12        312       5423   blackbox.o
       712        200         23          8         24       7239   blackbox_io.o
       264         18          0          1         36       3159   boardalignment.o
       844         96         26         32          0       6488   bus_spi.o
         0          0          0          0          0        884   button.o
         0          0          0          0         28       1114   compass.o
      2074        128          0         12        924      18414   config.o
        30          4          0          0          0        966   config_eeprom.o
         0          0          0          9          0        502   debug.o
       340         84          0        448          0       9756   dma_stm32f4xx.o
       132         16          0          7         64       5383   exti.o
       158          6          0          0          0       4973   fat_standard.o
       700         98          0         17          0       5256   fc_core.o
      1328        132          0         32        100       9537   fc_rc.o
       498         88         63        648          0       7199   fc_tasks.o
       106         30          0          4          0       4347   feature.o
       522         20          0          0          0       6190   filter.o
         0          0          0          0          0       3254   gps.o
       576         46          0         20        520       7427   gyro.o
      1564        138          0         62         48       9608   imu.o
       476         38         22          0        640      16280   io.o
       192         22          0          1         16       2347   led.o
       498         78          0          5          0      66310   main.o
       388         66          0          0          0       6344   maths.o
       120         14          0          0          0     313495   misc.o
       732         56          0         32        240       8171   mixer.o
      1304        104          0         84        256       9176   pid.o
       452         34          0         28        360       8217   pwm_output.o
       510         50          0         24          0      10314   rc_controls.o
        72          0          0          0          0       1262   rcc.o
        52         12          0         10          0       3130   runtime_config.o
       772         66         21         32        220      12264   rx.o
       184         10          0          1          0       3222   rx_pwm.o
        60         10          0          4          0       1613   rxserial3test.o
       804         88          0         36         52      10103   scheduler.o
      1838        118          0          8         80      17107   sdcard.o
        58          0          0          0          0       1291   sdcard_standard.o
       270         42          3          8         36       8666   serial.o
       758         10         40          0          0       8673   serial_uart.o
       478         20          0       2320          0       5430   serial_uart_stm32f4xx.o
        88         12          0          8          0       2190   sound_beeper.o
        64         26        392          0       1536        872   startup_stm32f407xx.o
       494         24          0          0          0       6637   stm32f4xx_dma.o
       212          0          0          0          0       2477   stm32f4xx_gpio.o
       328         58          0         16          0       8091   stm32f4xx_rcc.o
       230         24          0          0          0       4503   stm32f4xx_spi.o
      1096         60          0          0          0      16191   stm32f4xx_tim.o
       358          8          0          0          0       6474   stm32f4xx_usart.o
       290         38          0         12         16       6866   system.o
       272         36          0         20          0       2029   system_stm32f4xx.o
         0          0        168          0          0       2247   target.o
       548         60          0          6        254       9431   timer.o
         0          0        112          0          0       2211   timer_stm32f4xx.o

    ----------------------------------------------------------------------
     30318       2774        960       4000      10480     770535   Object Totals
         0          0         32          0          0          0   (incl. Generated)
        58          0          2         25          2          0   (incl. Padding)

    ----------------------------------------------------------------------

      Code (inc. data)   RO Data    RW Data    ZI Data      Debug   Library Member Name

        90          0          0          0          0          0   __dczerorl2.o
         8          0          0          0          0         68   __main.o
       104          0          0          0          0         84   __printf.o
         0          0          0          0          0          0   __rtentry.o
        12          0          0          0          0          0   __rtentry2.o
         6          0          0          0          0          0   __rtentry4.o
        52          8          0          0          0          0   __scatter.o
        28          0          0          0          0          0   __scatter_zi.o
        28          0          0          0          0         68   _chval.o
        44          0          0          0          0        108   _printf_char.o
        48          6          0          0          0         96   _printf_char_common.o
        36          4          0          0          0         80   _printf_char_file.o
         6          0          0          0          0          0   _printf_d.o
       120         16          0          0          0         92   _printf_dec.o
       178          0          0          0          0         88   _printf_intcommon.o
         0          0          0          0          0          0   _printf_percent.o
         4          0          0          0          0          0   _printf_percent_end.o
         6          0          0          0          0          0   _printf_s.o
        82          0          0          0          0         80   _printf_str.o
        22          0          0          0          0        100   _rserrno.o
       158          0          0          0          0         92   _strtoul.o
        16          0          0          0          0         68   aeabi_memset.o
        26          0          0          0          0         80   atoi.o
        18          0          0          0          0         80   exit.o
         8          0          0          0          0         68   ferror.o
         6          0          0          0          0        152   heapauxi.o
         0          0          0          0          0          0   indicate_semi.o
        44         10        272          0          0         76   lc_ctype_c.o
         2          0          0          0          0          0   libinit.o
        24          0          0          0          0          0   libinit2.o
         2          0          0          0          0          0   libshutdown.o
         2          0          0          0          0          0   libshutdown2.o
         8          4          0          0         96         68   libspace.o
        24          4          0          0          0         84   noretval__2printf.o
        16          4          0          0          0         76   rt_ctype_table.o
         8          4          0          0          0         68   rt_errno_addr_intlibspace.o
         8          4          0          0          0         68   rt_locale_intlibspace.o
        68          0          0          0          0         68   rt_memclr.o
        78          0          0          0          0         80   rt_memclr_w.o
       138          0          0          0          0         68   rt_memcpy_v6.o
       100          0          0          0          0         80   rt_memcpy_w.o
       122          0          0          0          0         80   rt_memmove_w.o
         2          0          0          0          0          0   rtexit.o
        10          0          0          0          0          0   rtexit2.o
        20          0          0          0          0         68   strchr.o
       128          0          0          0          0         68   strcmpv7m.o
        62          0          0          0          0         76   strlen.o
       150          0          0          0          0         80   strncmp.o
        86          0          0          0          0         76   strncpy.o
       112          0          0          0          0         88   strtol.o
        12          4          0          0          0         68   sys_exit.o
        74          0          0          0          0         80   sys_stackheap_outer.o
        30          0          0          0          0         76   toupper.o
         2          0          0          0          0         68   use_no_semi.o
        14          0          0          0          0        116   ffix.o
       140          4          0          0          0        132   fnaninf.o
        10          0          0          0          0        116   fpinit.o
        96          4          0          0          0        124   frnd.o
         0          0          0          0          0          0   usenofp.o
       280         46          0          0          0        176   acosf.o
       592         90          0          0          0        184   atan2f.o
       336         56          0          0          0        136   cosf.o
        38          0          0          0          0        116   fpclassifyf.o
        80         24          0          0          0        696   funder.o
       356         44         64          0          0        140   log2f.o
        72          0          0          0          0        136   lrintf.o
      1636        110        320          0          0        372   powf.o
       340         24         32          0          0        160   rredf.o
       400         56          0          0          0        212   sinf.o
       120          0          0          0          0        272   sqrtf.o

    ----------------------------------------------------------------------
      6966        526        688          0         96       6056   Library Totals
        18          0          0          0          0          0   (incl. Padding)

    ----------------------------------------------------------------------

      Code (inc. data)   RO Data    RW Data    ZI Data      Debug   Library Name

      2438         68        272          0         96       2968   c_w.l
       260          8          0          0          0        488   fz_wm.l
      4250        450        416          0          0       2600   m_wm.l

    ----------------------------------------------------------------------
      6966        526        688          0         96       6056   Library Totals

    ----------------------------------------------------------------------

==============================================================================


      Code (inc. data)   RO Data    RW Data    ZI Data      Debug   

     37284       3300       1648       4000      10576     734475   Grand Totals
     37284       3300       1648        348      10576     734475   ELF Image Totals (compressed)
     37284       3300       1648        348          0          0   ROM Totals

==============================================================================

    Total RO  Size (Code + RO Data)                38932 (  38.02kB)
    Total RW  Size (RW Data + ZI Data)             14576 (  14.23kB)
    Total ROM Size (Code + RO Data + RW Data)      39280 (  38.36kB)

==============================================================================

